[    0.000000] Linux version 4.15.18rev1 (root@justin-virtual-machine) (gcc version 5.4.0 20160609 (Ubuntu 5.4.0-6ubuntu1~16.04.12)) #2 SMP Mon Sep 14 16:51:57 MDT 2020 (Ubuntu 4.15.0-112.113~16.04.1-generic 4.15.18)
[    0.000000] Command line: BOOT_IMAGE=/vmlinuz-4.15.18rev1 root=/dev/mapper/ubuntu--vg-root ro
[    0.000000] KERNEL supported cpus:
[    0.000000]   Intel GenuineIntel
[    0.000000]   AMD AuthenticAMD
[    0.000000]   Centaur CentaurHauls
[    0.000000] Disabled fast string operations
[    0.000000] x86/fpu: Supporting XSAVE feature 0x001: 'x87 floating point registers'
[    0.000000] x86/fpu: Supporting XSAVE feature 0x002: 'SSE registers'
[    0.000000] x86/fpu: Supporting XSAVE feature 0x004: 'AVX registers'
[    0.000000] x86/fpu: xstate_offset[2]:  576, xstate_sizes[2]:  256
[    0.000000] x86/fpu: Enabled xstate features 0x7, context size is 832 bytes, using 'compacted' format.
[    0.000000] e820: BIOS-provided physical RAM map:
[    0.000000] BIOS-e820: [mem 0x0000000000000000-0x0000000000000fff] ACPI NVS
[    0.000000] BIOS-e820: [mem 0x0000000000001000-0x000000000009ffff] usable
[    0.000000] BIOS-e820: [mem 0x00000000000c0000-0x00000000000fffff] reserved
[    0.000000] BIOS-e820: [mem 0x0000000000100000-0x000000000ef24fff] usable
[    0.000000] BIOS-e820: [mem 0x000000000ef25000-0x000000000ef2dfff] reserved
[    0.000000] BIOS-e820: [mem 0x000000000ef2e000-0x000000000ef3cfff] usable
[    0.000000] BIOS-e820: [mem 0x000000000ef3d000-0x000000000ef42fff] reserved
[    0.000000] BIOS-e820: [mem 0x000000000ef43000-0x000000000ef47fff] ACPI NVS
[    0.000000] BIOS-e820: [mem 0x000000000ef48000-0x000000000ef60fff] usable
[    0.000000] BIOS-e820: [mem 0x000000000ef61000-0x000000000ef65fff] reserved
[    0.000000] BIOS-e820: [mem 0x000000000ef66000-0x000000000fee6fff] usable
[    0.000000] BIOS-e820: [mem 0x000000000fee7000-0x000000000ff56fff] reserved
[    0.000000] BIOS-e820: [mem 0x000000000ff57000-0x000000000ff72fff] ACPI data
[    0.000000] BIOS-e820: [mem 0x000000000ff73000-0x000000000ff76fff] ACPI NVS
[    0.000000] BIOS-e820: [mem 0x000000000ff77000-0x00000000bfffffff] usable
[    0.000000] BIOS-e820: [mem 0x00000000ffc00000-0x00000000ffc29fff] reserved
[    0.000000] BIOS-e820: [mem 0x0000000100000000-0x000000013fffffff] usable
[    0.000000] NX (Execute Disable) protection: active
[    0.000000] e820: update [mem 0x0e5bc018-0x0e5c4057] usable ==> usable
[    0.000000] e820: update [mem 0x0e5bc018-0x0e5c4057] usable ==> usable
[    0.000000] e820: update [mem 0x0e5b9018-0x0e5bb057] usable ==> usable
[    0.000000] e820: update [mem 0x0e5b9018-0x0e5bb057] usable ==> usable
[    0.000000] e820: update [mem 0x0e5b7018-0x0e5b8857] usable ==> usable
[    0.000000] e820: update [mem 0x0e5b7018-0x0e5b8857] usable ==> usable
[    0.000000] e820: update [mem 0x0e5b4018-0x0e5b6057] usable ==> usable
[    0.000000] e820: update [mem 0x0e5b4018-0x0e5b6057] usable ==> usable
[    0.000000] extended physical RAM map:
[    0.000000] reserve setup_data: [mem 0x0000000000000000-0x0000000000000fff] ACPI NVS
[    0.000000] reserve setup_data: [mem 0x0000000000001000-0x000000000009ffff] usable
[    0.000000] reserve setup_data: [mem 0x00000000000c0000-0x00000000000fffff] reserved
[    0.000000] reserve setup_data: [mem 0x0000000000100000-0x000000000e5b4017] usable
[    0.000000] reserve setup_data: [mem 0x000000000e5b4018-0x000000000e5b6057] usable
[    0.000000] reserve setup_data: [mem 0x000000000e5b6058-0x000000000e5b7017] usable
[    0.000000] reserve setup_data: [mem 0x000000000e5b7018-0x000000000e5b8857] usable
[    0.000000] reserve setup_data: [mem 0x000000000e5b8858-0x000000000e5b9017] usable
[    0.000000] reserve setup_data: [mem 0x000000000e5b9018-0x000000000e5bb057] usable
[    0.000000] reserve setup_data: [mem 0x000000000e5bb058-0x000000000e5bc017] usable
[    0.000000] reserve setup_data: [mem 0x000000000e5bc018-0x000000000e5c4057] usable
[    0.000000] reserve setup_data: [mem 0x000000000e5c4058-0x000000000ef24fff] usable
[    0.000000] reserve setup_data: [mem 0x000000000ef25000-0x000000000ef2dfff] reserved
[    0.000000] reserve setup_data: [mem 0x000000000ef2e000-0x000000000ef3cfff] usable
[    0.000000] reserve setup_data: [mem 0x000000000ef3d000-0x000000000ef42fff] reserved
[    0.000000] reserve setup_data: [mem 0x000000000ef43000-0x000000000ef47fff] ACPI NVS
[    0.000000] reserve setup_data: [mem 0x000000000ef48000-0x000000000ef60fff] usable
[    0.000000] reserve setup_data: [mem 0x000000000ef61000-0x000000000ef65fff] reserved
[    0.000000] reserve setup_data: [mem 0x000000000ef66000-0x000000000fee6fff] usable
[    0.000000] reserve setup_data: [mem 0x000000000fee7000-0x000000000ff56fff] reserved
[    0.000000] reserve setup_data: [mem 0x000000000ff57000-0x000000000ff72fff] ACPI data
[    0.000000] reserve setup_data: [mem 0x000000000ff73000-0x000000000ff76fff] ACPI NVS
[    0.000000] reserve setup_data: [mem 0x000000000ff77000-0x00000000bfffffff] usable
[    0.000000] reserve setup_data: [mem 0x00000000ffc00000-0x00000000ffc29fff] reserved
[    0.000000] reserve setup_data: [mem 0x0000000100000000-0x000000013fffffff] usable
[    0.000000] efi: EFI v2.31 by VMware, Inc.
[    0.000000] efi:  SMBIOS=0xef43000  ACPI 2.0=0xff57000  MEMATTR=0xf443018 
[    0.000000] secureboot: Secure boot disabled
[    0.000000] SMBIOS 2.7 present.
[    0.000000] DMI: VMware, Inc. VMware7,1/440BX Desktop Reference Platform, BIOS VMW71.00V.16221537.B64.2005150253 05/15/2020
[    0.000000] Hypervisor detected: VMware
[    0.000000] vmware: TSC freq read from hypervisor : 2303.740 MHz
[    0.000000] vmware: Host bus clock speed read from hypervisor : 66000000 Hz
[    0.000000] vmware: using sched offset of 9550386126 ns
[    0.000000] e820: update [mem 0x00000000-0x00000fff] usable ==> reserved
[    0.000000] e820: remove [mem 0x000a0000-0x000fffff] usable
[    0.000000] e820: last_pfn = 0x140000 max_arch_pfn = 0x400000000
[    0.000000] MTRR default type: uncachable
[    0.000000] MTRR fixed ranges enabled:
[    0.000000]   00000-9FFFF write-back
[    0.000000]   A0000-FFFFF uncachable
[    0.000000] MTRR variable ranges enabled:
[    0.000000]   0 base 00000000000 mask 7E000000000 write-back
[    0.000000]   1 base 000C0000000 mask 7FFC0000000 uncachable
[    0.000000]   2 disabled
[    0.000000]   3 disabled
[    0.000000]   4 disabled
[    0.000000]   5 disabled
[    0.000000]   6 disabled
[    0.000000]   7 disabled
[    0.000000] x86/PAT: Configuration [0-7]: WB  WC  UC- UC  WB  WP  UC- WT  
[    0.000000] total RAM covered: 130048M
[    0.000000] Found optimal setting for mtrr clean up
[    0.000000]  gran_size: 64K 	chunk_size: 64K 	num_reg: 7  	lose cover RAM: 0G
[    0.000000] e820: update [mem 0xc0000000-0xffffffff] usable ==> reserved
[    0.000000] e820: last_pfn = 0xc0000 max_arch_pfn = 0x400000000
[    0.000000] Scanning 1 areas for low memory corruption
[    0.000000] Using GB pages for direct mapping
[    0.000000] RAMDISK: [mem 0x249c2000-0x3fffffff]
[    0.000000] ACPI: Early table checksum verification disabled
[    0.000000] ACPI: RSDP 0x000000000FF57000 000024 (v02 VMWARE)
[    0.000000] ACPI: XSDT 0x000000000FF57060 000054 (v01 INTEL  440BX    06040000 VMW  01324272)
[    0.000000] ACPI: SRAT 0x000000000FF570B4 0008D0 (v03 VMWARE EFISRAT  06040001 VMW  000007CE)
[    0.000000] ACPI: FACP 0x000000000FF7220E 0000F4 (v04 INTEL  440BX    06040000 PTL  000F4240)
[    0.000000] ACPI: DSDT 0x000000000FF57984 01A88A (v01 PTLTD  Custom   00000000 INTL 20130823)
[    0.000000] ACPI: FACS 0x000000000FF76000 000040
[    0.000000] ACPI: FACS 0x000000000FF76000 000040
[    0.000000] ACPI: APIC 0x000000000FF72376 000742 (v03 VMWARE EFIAPIC  06040001 VMW  000007CE)
[    0.000000] ACPI: MCFG 0x000000000FF72AB8 00003C (v01 VMWARE EFIMCFG  06040001 VMW  000007CE)
[    0.000000] ACPI: WAET 0x000000000FF72AF4 000028 (v01 VMWARE VMW WAET 06040001 VMW  00000001)
[    0.000000] ACPI: WSMT 0x000000000FF72B1C 000028 (v01 VMWARE VMW WSMT 06040001 VMW  00000001)
[    0.000000] ACPI: Local APIC address 0xfee00000
[    0.000000] system APIC only can use physical flat
[    0.000000] Setting APIC routing to physical flat.
[    0.000000] SRAT: PXM 0 -> APIC 0x00 -> Node 0
[    0.000000] SRAT: PXM 0 -> APIC 0x02 -> Node 0
[    0.000000] SRAT: PXM 0 -> APIC 0x04 -> Node 0
[    0.000000] SRAT: PXM 0 -> APIC 0x06 -> Node 0
[    0.000000] SRAT: PXM 0 -> APIC 0x08 -> Node 0
[    0.000000] SRAT: PXM 0 -> APIC 0x0a -> Node 0
[    0.000000] SRAT: PXM 0 -> APIC 0x0c -> Node 0
[    0.000000] SRAT: PXM 0 -> APIC 0x0e -> Node 0
[    0.000000] SRAT: PXM 0 -> APIC 0x10 -> Node 0
[    0.000000] SRAT: PXM 0 -> APIC 0x12 -> Node 0
[    0.000000] SRAT: PXM 0 -> APIC 0x14 -> Node 0
[    0.000000] SRAT: PXM 0 -> APIC 0x16 -> Node 0
[    0.000000] SRAT: PXM 0 -> APIC 0x18 -> Node 0
[    0.000000] SRAT: PXM 0 -> APIC 0x1a -> Node 0
[    0.000000] SRAT: PXM 0 -> APIC 0x1c -> Node 0
[    0.000000] SRAT: PXM 0 -> APIC 0x1e -> Node 0
[    0.000000] SRAT: PXM 0 -> APIC 0x20 -> Node 0
[    0.000000] SRAT: PXM 0 -> APIC 0x22 -> Node 0
[    0.000000] SRAT: PXM 0 -> APIC 0x24 -> Node 0
[    0.000000] SRAT: PXM 0 -> APIC 0x26 -> Node 0
[    0.000000] SRAT: PXM 0 -> APIC 0x28 -> Node 0
[    0.000000] SRAT: PXM 0 -> APIC 0x2a -> Node 0
[    0.000000] SRAT: PXM 0 -> APIC 0x2c -> Node 0
[    0.000000] SRAT: PXM 0 -> APIC 0x2e -> Node 0
[    0.000000] SRAT: PXM 0 -> APIC 0x30 -> Node 0
[    0.000000] SRAT: PXM 0 -> APIC 0x32 -> Node 0
[    0.000000] SRAT: PXM 0 -> APIC 0x34 -> Node 0
[    0.000000] SRAT: PXM 0 -> APIC 0x36 -> Node 0
[    0.000000] SRAT: PXM 0 -> APIC 0x38 -> Node 0
[    0.000000] SRAT: PXM 0 -> APIC 0x3a -> Node 0
[    0.000000] SRAT: PXM 0 -> APIC 0x3c -> Node 0
[    0.000000] SRAT: PXM 0 -> APIC 0x3e -> Node 0
[    0.000000] SRAT: PXM 0 -> APIC 0x40 -> Node 0
[    0.000000] SRAT: PXM 0 -> APIC 0x42 -> Node 0
[    0.000000] SRAT: PXM 0 -> APIC 0x44 -> Node 0
[    0.000000] SRAT: PXM 0 -> APIC 0x46 -> Node 0
[    0.000000] SRAT: PXM 0 -> APIC 0x48 -> Node 0
[    0.000000] SRAT: PXM 0 -> APIC 0x4a -> Node 0
[    0.000000] SRAT: PXM 0 -> APIC 0x4c -> Node 0
[    0.000000] SRAT: PXM 0 -> APIC 0x4e -> Node 0
[    0.000000] SRAT: PXM 0 -> APIC 0x50 -> Node 0
[    0.000000] SRAT: PXM 0 -> APIC 0x52 -> Node 0
[    0.000000] SRAT: PXM 0 -> APIC 0x54 -> Node 0
[    0.000000] SRAT: PXM 0 -> APIC 0x56 -> Node 0
[    0.000000] SRAT: PXM 0 -> APIC 0x58 -> Node 0
[    0.000000] SRAT: PXM 0 -> APIC 0x5a -> Node 0
[    0.000000] SRAT: PXM 0 -> APIC 0x5c -> Node 0
[    0.000000] SRAT: PXM 0 -> APIC 0x5e -> Node 0
[    0.000000] SRAT: PXM 0 -> APIC 0x60 -> Node 0
[    0.000000] SRAT: PXM 0 -> APIC 0x62 -> Node 0
[    0.000000] SRAT: PXM 0 -> APIC 0x64 -> Node 0
[    0.000000] SRAT: PXM 0 -> APIC 0x66 -> Node 0
[    0.000000] SRAT: PXM 0 -> APIC 0x68 -> Node 0
[    0.000000] SRAT: PXM 0 -> APIC 0x6a -> Node 0
[    0.000000] SRAT: PXM 0 -> APIC 0x6c -> Node 0
[    0.000000] SRAT: PXM 0 -> APIC 0x6e -> Node 0
[    0.000000] SRAT: PXM 0 -> APIC 0x70 -> Node 0
[    0.000000] SRAT: PXM 0 -> APIC 0x72 -> Node 0
[    0.000000] SRAT: PXM 0 -> APIC 0x74 -> Node 0
[    0.000000] SRAT: PXM 0 -> APIC 0x76 -> Node 0
[    0.000000] SRAT: PXM 0 -> APIC 0x78 -> Node 0
[    0.000000] SRAT: PXM 0 -> APIC 0x7a -> Node 0
[    0.000000] SRAT: PXM 0 -> APIC 0x7c -> Node 0
[    0.000000] SRAT: PXM 0 -> APIC 0x7e -> Node 0
[    0.000000] SRAT: PXM 0 -> APIC 0x80 -> Node 0
[    0.000000] SRAT: PXM 0 -> APIC 0x82 -> Node 0
[    0.000000] SRAT: PXM 0 -> APIC 0x84 -> Node 0
[    0.000000] SRAT: PXM 0 -> APIC 0x86 -> Node 0
[    0.000000] SRAT: PXM 0 -> APIC 0x88 -> Node 0
[    0.000000] SRAT: PXM 0 -> APIC 0x8a -> Node 0
[    0.000000] SRAT: PXM 0 -> APIC 0x8c -> Node 0
[    0.000000] SRAT: PXM 0 -> APIC 0x8e -> Node 0
[    0.000000] SRAT: PXM 0 -> APIC 0x90 -> Node 0
[    0.000000] SRAT: PXM 0 -> APIC 0x92 -> Node 0
[    0.000000] SRAT: PXM 0 -> APIC 0x94 -> Node 0
[    0.000000] SRAT: PXM 0 -> APIC 0x96 -> Node 0
[    0.000000] SRAT: PXM 0 -> APIC 0x98 -> Node 0
[    0.000000] SRAT: PXM 0 -> APIC 0x9a -> Node 0
[    0.000000] SRAT: PXM 0 -> APIC 0x9c -> Node 0
[    0.000000] SRAT: PXM 0 -> APIC 0x9e -> Node 0
[    0.000000] SRAT: PXM 0 -> APIC 0xa0 -> Node 0
[    0.000000] SRAT: PXM 0 -> APIC 0xa2 -> Node 0
[    0.000000] SRAT: PXM 0 -> APIC 0xa4 -> Node 0
[    0.000000] SRAT: PXM 0 -> APIC 0xa6 -> Node 0
[    0.000000] SRAT: PXM 0 -> APIC 0xa8 -> Node 0
[    0.000000] SRAT: PXM 0 -> APIC 0xaa -> Node 0
[    0.000000] SRAT: PXM 0 -> APIC 0xac -> Node 0
[    0.000000] SRAT: PXM 0 -> APIC 0xae -> Node 0
[    0.000000] SRAT: PXM 0 -> APIC 0xb0 -> Node 0
[    0.000000] SRAT: PXM 0 -> APIC 0xb2 -> Node 0
[    0.000000] SRAT: PXM 0 -> APIC 0xb4 -> Node 0
[    0.000000] SRAT: PXM 0 -> APIC 0xb6 -> Node 0
[    0.000000] SRAT: PXM 0 -> APIC 0xb8 -> Node 0
[    0.000000] SRAT: PXM 0 -> APIC 0xba -> Node 0
[    0.000000] SRAT: PXM 0 -> APIC 0xbc -> Node 0
[    0.000000] SRAT: PXM 0 -> APIC 0xbe -> Node 0
[    0.000000] SRAT: PXM 0 -> APIC 0xc0 -> Node 0
[    0.000000] SRAT: PXM 0 -> APIC 0xc2 -> Node 0
[    0.000000] SRAT: PXM 0 -> APIC 0xc4 -> Node 0
[    0.000000] SRAT: PXM 0 -> APIC 0xc6 -> Node 0
[    0.000000] SRAT: PXM 0 -> APIC 0xc8 -> Node 0
[    0.000000] SRAT: PXM 0 -> APIC 0xca -> Node 0
[    0.000000] SRAT: PXM 0 -> APIC 0xcc -> Node 0
[    0.000000] SRAT: PXM 0 -> APIC 0xce -> Node 0
[    0.000000] SRAT: PXM 0 -> APIC 0xd0 -> Node 0
[    0.000000] SRAT: PXM 0 -> APIC 0xd2 -> Node 0
[    0.000000] SRAT: PXM 0 -> APIC 0xd4 -> Node 0
[    0.000000] SRAT: PXM 0 -> APIC 0xd6 -> Node 0
[    0.000000] SRAT: PXM 0 -> APIC 0xd8 -> Node 0
[    0.000000] SRAT: PXM 0 -> APIC 0xda -> Node 0
[    0.000000] SRAT: PXM 0 -> APIC 0xdc -> Node 0
[    0.000000] SRAT: PXM 0 -> APIC 0xde -> Node 0
[    0.000000] SRAT: PXM 0 -> APIC 0xe0 -> Node 0
[    0.000000] SRAT: PXM 0 -> APIC 0xe2 -> Node 0
[    0.000000] SRAT: PXM 0 -> APIC 0xe4 -> Node 0
[    0.000000] SRAT: PXM 0 -> APIC 0xe6 -> Node 0
[    0.000000] SRAT: PXM 0 -> APIC 0xe8 -> Node 0
[    0.000000] SRAT: PXM 0 -> APIC 0xea -> Node 0
[    0.000000] SRAT: PXM 0 -> APIC 0xec -> Node 0
[    0.000000] SRAT: PXM 0 -> APIC 0xee -> Node 0
[    0.000000] SRAT: PXM 0 -> APIC 0xf0 -> Node 0
[    0.000000] SRAT: PXM 0 -> APIC 0xf2 -> Node 0
[    0.000000] SRAT: PXM 0 -> APIC 0xf4 -> Node 0
[    0.000000] SRAT: PXM 0 -> APIC 0xf6 -> Node 0
[    0.000000] SRAT: PXM 0 -> APIC 0xf8 -> Node 0
[    0.000000] SRAT: PXM 0 -> APIC 0xfa -> Node 0
[    0.000000] SRAT: PXM 0 -> APIC 0xfc -> Node 0
[    0.000000] SRAT: PXM 0 -> APIC 0xfe -> Node 0
[    0.000000] ACPI: SRAT: Node 0 PXM 0 [mem 0x00000000-0x0009ffff]
[    0.000000] ACPI: SRAT: Node 0 PXM 0 [mem 0x00100000-0xbfffffff]
[    0.000000] ACPI: SRAT: Node 0 PXM 0 [mem 0x100000000-0x13fffffff]
[    0.000000] ACPI: SRAT: Node 0 PXM 0 [mem 0x140000000-0x103fffffff] hotplug
[    0.000000] NUMA: Node 0 [mem 0x00000000-0x0009ffff] + [mem 0x00100000-0xbfffffff] -> [mem 0x00000000-0xbfffffff]
[    0.000000] NUMA: Node 0 [mem 0x00000000-0xbfffffff] + [mem 0x100000000-0x13fffffff] -> [mem 0x00000000-0x13fffffff]
[    0.000000] NODE_DATA(0) allocated [mem 0x13ffd5000-0x13fffffff]
[    0.000000] Zone ranges:
[    0.000000]   DMA      [mem 0x0000000000001000-0x0000000000ffffff]
[    0.000000]   DMA32    [mem 0x0000000001000000-0x00000000ffffffff]
[    0.000000]   Normal   [mem 0x0000000100000000-0x000000013fffffff]
[    0.000000]   Device   empty
[    0.000000] Movable zone start for each node
[    0.000000] Early memory node ranges
[    0.000000]   node   0: [mem 0x0000000000001000-0x000000000009ffff]
[    0.000000]   node   0: [mem 0x0000000000100000-0x000000000ef24fff]
[    0.000000]   node   0: [mem 0x000000000ef2e000-0x000000000ef3cfff]
[    0.000000]   node   0: [mem 0x000000000ef48000-0x000000000ef60fff]
[    0.000000]   node   0: [mem 0x000000000ef66000-0x000000000fee6fff]
[    0.000000]   node   0: [mem 0x000000000ff77000-0x00000000bfffffff]
[    0.000000]   node   0: [mem 0x0000000100000000-0x000000013fffffff]
[    0.000000] Reserved but unavailable: 97 pages
[    0.000000] Initmem setup node 0 [mem 0x0000000000001000-0x000000013fffffff]
[    0.000000] On node 0 totalpages: 1048310
[    0.000000]   DMA zone: 64 pages used for memmap
[    0.000000]   DMA zone: 22 pages reserved
[    0.000000]   DMA zone: 3999 pages, LIFO batch:0
[    0.000000]   DMA32 zone: 12222 pages used for memmap
[    0.000000]   DMA32 zone: 782167 pages, LIFO batch:31
[    0.000000]   Normal zone: 4096 pages used for memmap
[    0.000000]   Normal zone: 262144 pages, LIFO batch:31
[    0.000000] tboot: non-0 tboot_addr but it is not of type E820_TYPE_RESERVED
[    0.000000] ACPI: PM-Timer IO Port: 0x448
[    0.000000] ACPI: Local APIC address 0xfee00000
[    0.000000] system APIC only can use physical flat
[    0.000000] ACPI: LAPIC_NMI (acpi_id[0x00] high edge lint[0x1])
[    0.000000] ACPI: LAPIC_NMI (acpi_id[0x01] high edge lint[0x1])
[    0.000000] ACPI: LAPIC_NMI (acpi_id[0x02] high edge lint[0x1])
[    0.000000] ACPI: LAPIC_NMI (acpi_id[0x03] high edge lint[0x1])
[    0.000000] ACPI: LAPIC_NMI (acpi_id[0x04] high edge lint[0x1])
[    0.000000] ACPI: LAPIC_NMI (acpi_id[0x05] high edge lint[0x1])
[    0.000000] ACPI: LAPIC_NMI (acpi_id[0x06] high edge lint[0x1])
[    0.000000] ACPI: LAPIC_NMI (acpi_id[0x07] high edge lint[0x1])
[    0.000000] ACPI: LAPIC_NMI (acpi_id[0x08] high edge lint[0x1])
[    0.000000] ACPI: LAPIC_NMI (acpi_id[0x09] high edge lint[0x1])
[    0.000000] ACPI: LAPIC_NMI (acpi_id[0x0a] high edge lint[0x1])
[    0.000000] ACPI: LAPIC_NMI (acpi_id[0x0b] high edge lint[0x1])
[    0.000000] ACPI: LAPIC_NMI (acpi_id[0x0c] high edge lint[0x1])
[    0.000000] ACPI: LAPIC_NMI (acpi_id[0x0d] high edge lint[0x1])
[    0.000000] ACPI: LAPIC_NMI (acpi_id[0x0e] high edge lint[0x1])
[    0.000000] ACPI: LAPIC_NMI (acpi_id[0x0f] high edge lint[0x1])
[    0.000000] ACPI: LAPIC_NMI (acpi_id[0x10] high edge lint[0x1])
[    0.000000] ACPI: LAPIC_NMI (acpi_id[0x11] high edge lint[0x1])
[    0.000000] ACPI: LAPIC_NMI (acpi_id[0x12] high edge lint[0x1])
[    0.000000] ACPI: LAPIC_NMI (acpi_id[0x13] high edge lint[0x1])
[    0.000000] ACPI: LAPIC_NMI (acpi_id[0x14] high edge lint[0x1])
[    0.000000] ACPI: LAPIC_NMI (acpi_id[0x15] high edge lint[0x1])
[    0.000000] ACPI: LAPIC_NMI (acpi_id[0x16] high edge lint[0x1])
[    0.000000] ACPI: LAPIC_NMI (acpi_id[0x17] high edge lint[0x1])
[    0.000000] ACPI: LAPIC_NMI (acpi_id[0x18] high edge lint[0x1])
[    0.000000] ACPI: LAPIC_NMI (acpi_id[0x19] high edge lint[0x1])
[    0.000000] ACPI: LAPIC_NMI (acpi_id[0x1a] high edge lint[0x1])
[    0.000000] ACPI: LAPIC_NMI (acpi_id[0x1b] high edge lint[0x1])
[    0.000000] ACPI: LAPIC_NMI (acpi_id[0x1c] high edge lint[0x1])
[    0.000000] ACPI: LAPIC_NMI (acpi_id[0x1d] high edge lint[0x1])
[    0.000000] ACPI: LAPIC_NMI (acpi_id[0x1e] high edge lint[0x1])
[    0.000000] ACPI: LAPIC_NMI (acpi_id[0x1f] high edge lint[0x1])
[    0.000000] ACPI: LAPIC_NMI (acpi_id[0x20] high edge lint[0x1])
[    0.000000] ACPI: LAPIC_NMI (acpi_id[0x21] high edge lint[0x1])
[    0.000000] ACPI: LAPIC_NMI (acpi_id[0x22] high edge lint[0x1])
[    0.000000] ACPI: LAPIC_NMI (acpi_id[0x23] high edge lint[0x1])
[    0.000000] ACPI: LAPIC_NMI (acpi_id[0x24] high edge lint[0x1])
[    0.000000] ACPI: LAPIC_NMI (acpi_id[0x25] high edge lint[0x1])
[    0.000000] ACPI: LAPIC_NMI (acpi_id[0x26] high edge lint[0x1])
[    0.000000] ACPI: LAPIC_NMI (acpi_id[0x27] high edge lint[0x1])
[    0.000000] ACPI: LAPIC_NMI (acpi_id[0x28] high edge lint[0x1])
[    0.000000] ACPI: LAPIC_NMI (acpi_id[0x29] high edge lint[0x1])
[    0.000000] ACPI: LAPIC_NMI (acpi_id[0x2a] high edge lint[0x1])
[    0.000000] ACPI: LAPIC_NMI (acpi_id[0x2b] high edge lint[0x1])
[    0.000000] ACPI: LAPIC_NMI (acpi_id[0x2c] high edge lint[0x1])
[    0.000000] ACPI: LAPIC_NMI (acpi_id[0x2d] high edge lint[0x1])
[    0.000000] ACPI: LAPIC_NMI (acpi_id[0x2e] high edge lint[0x1])
[    0.000000] ACPI: LAPIC_NMI (acpi_id[0x2f] high edge lint[0x1])
[    0.000000] ACPI: LAPIC_NMI (acpi_id[0x30] high edge lint[0x1])
[    0.000000] ACPI: LAPIC_NMI (acpi_id[0x31] high edge lint[0x1])
[    0.000000] ACPI: LAPIC_NMI (acpi_id[0x32] high edge lint[0x1])
[    0.000000] ACPI: LAPIC_NMI (acpi_id[0x33] high edge lint[0x1])
[    0.000000] ACPI: LAPIC_NMI (acpi_id[0x34] high edge lint[0x1])
[    0.000000] ACPI: LAPIC_NMI (acpi_id[0x35] high edge lint[0x1])
[    0.000000] ACPI: LAPIC_NMI (acpi_id[0x36] high edge lint[0x1])
[    0.000000] ACPI: LAPIC_NMI (acpi_id[0x37] high edge lint[0x1])
[    0.000000] ACPI: LAPIC_NMI (acpi_id[0x38] high edge lint[0x1])
[    0.000000] ACPI: LAPIC_NMI (acpi_id[0x39] high edge lint[0x1])
[    0.000000] ACPI: LAPIC_NMI (acpi_id[0x3a] high edge lint[0x1])
[    0.000000] ACPI: LAPIC_NMI (acpi_id[0x3b] high edge lint[0x1])
[    0.000000] ACPI: LAPIC_NMI (acpi_id[0x3c] high edge lint[0x1])
[    0.000000] ACPI: LAPIC_NMI (acpi_id[0x3d] high edge lint[0x1])
[    0.000000] ACPI: LAPIC_NMI (acpi_id[0x3e] high edge lint[0x1])
[    0.000000] ACPI: LAPIC_NMI (acpi_id[0x3f] high edge lint[0x1])
[    0.000000] ACPI: LAPIC_NMI (acpi_id[0x40] high edge lint[0x1])
[    0.000000] ACPI: LAPIC_NMI (acpi_id[0x41] high edge lint[0x1])
[    0.000000] ACPI: LAPIC_NMI (acpi_id[0x42] high edge lint[0x1])
[    0.000000] ACPI: LAPIC_NMI (acpi_id[0x43] high edge lint[0x1])
[    0.000000] ACPI: LAPIC_NMI (acpi_id[0x44] high edge lint[0x1])
[    0.000000] ACPI: LAPIC_NMI (acpi_id[0x45] high edge lint[0x1])
[    0.000000] ACPI: LAPIC_NMI (acpi_id[0x46] high edge lint[0x1])
[    0.000000] ACPI: LAPIC_NMI (acpi_id[0x47] high edge lint[0x1])
[    0.000000] ACPI: LAPIC_NMI (acpi_id[0x48] high edge lint[0x1])
[    0.000000] ACPI: LAPIC_NMI (acpi_id[0x49] high edge lint[0x1])
[    0.000000] ACPI: LAPIC_NMI (acpi_id[0x4a] high edge lint[0x1])
[    0.000000] ACPI: LAPIC_NMI (acpi_id[0x4b] high edge lint[0x1])
[    0.000000] ACPI: LAPIC_NMI (acpi_id[0x4c] high edge lint[0x1])
[    0.000000] ACPI: LAPIC_NMI (acpi_id[0x4d] high edge lint[0x1])
[    0.000000] ACPI: LAPIC_NMI (acpi_id[0x4e] high edge lint[0x1])
[    0.000000] ACPI: LAPIC_NMI (acpi_id[0x4f] high edge lint[0x1])
[    0.000000] ACPI: LAPIC_NMI (acpi_id[0x50] high edge lint[0x1])
[    0.000000] ACPI: LAPIC_NMI (acpi_id[0x51] high edge lint[0x1])
[    0.000000] ACPI: LAPIC_NMI (acpi_id[0x52] high edge lint[0x1])
[    0.000000] ACPI: LAPIC_NMI (acpi_id[0x53] high edge lint[0x1])
[    0.000000] ACPI: LAPIC_NMI (acpi_id[0x54] high edge lint[0x1])
[    0.000000] ACPI: LAPIC_NMI (acpi_id[0x55] high edge lint[0x1])
[    0.000000] ACPI: LAPIC_NMI (acpi_id[0x56] high edge lint[0x1])
[    0.000000] ACPI: LAPIC_NMI (acpi_id[0x57] high edge lint[0x1])
[    0.000000] ACPI: LAPIC_NMI (acpi_id[0x58] high edge lint[0x1])
[    0.000000] ACPI: LAPIC_NMI (acpi_id[0x59] high edge lint[0x1])
[    0.000000] ACPI: LAPIC_NMI (acpi_id[0x5a] high edge lint[0x1])
[    0.000000] ACPI: LAPIC_NMI (acpi_id[0x5b] high edge lint[0x1])
[    0.000000] ACPI: LAPIC_NMI (acpi_id[0x5c] high edge lint[0x1])
[    0.000000] ACPI: LAPIC_NMI (acpi_id[0x5d] high edge lint[0x1])
[    0.000000] ACPI: LAPIC_NMI (acpi_id[0x5e] high edge lint[0x1])
[    0.000000] ACPI: LAPIC_NMI (acpi_id[0x5f] high edge lint[0x1])
[    0.000000] ACPI: LAPIC_NMI (acpi_id[0x60] high edge lint[0x1])
[    0.000000] ACPI: LAPIC_NMI (acpi_id[0x61] high edge lint[0x1])
[    0.000000] ACPI: LAPIC_NMI (acpi_id[0x62] high edge lint[0x1])
[    0.000000] ACPI: LAPIC_NMI (acpi_id[0x63] high edge lint[0x1])
[    0.000000] ACPI: LAPIC_NMI (acpi_id[0x64] high edge lint[0x1])
[    0.000000] ACPI: LAPIC_NMI (acpi_id[0x65] high edge lint[0x1])
[    0.000000] ACPI: LAPIC_NMI (acpi_id[0x66] high edge lint[0x1])
[    0.000000] ACPI: LAPIC_NMI (acpi_id[0x67] high edge lint[0x1])
[    0.000000] ACPI: LAPIC_NMI (acpi_id[0x68] high edge lint[0x1])
[    0.000000] ACPI: LAPIC_NMI (acpi_id[0x69] high edge lint[0x1])
[    0.000000] ACPI: LAPIC_NMI (acpi_id[0x6a] high edge lint[0x1])
[    0.000000] ACPI: LAPIC_NMI (acpi_id[0x6b] high edge lint[0x1])
[    0.000000] ACPI: LAPIC_NMI (acpi_id[0x6c] high edge lint[0x1])
[    0.000000] ACPI: LAPIC_NMI (acpi_id[0x6d] high edge lint[0x1])
[    0.000000] ACPI: LAPIC_NMI (acpi_id[0x6e] high edge lint[0x1])
[    0.000000] ACPI: LAPIC_NMI (acpi_id[0x6f] high edge lint[0x1])
[    0.000000] ACPI: LAPIC_NMI (acpi_id[0x70] high edge lint[0x1])
[    0.000000] ACPI: LAPIC_NMI (acpi_id[0x71] high edge lint[0x1])
[    0.000000] ACPI: LAPIC_NMI (acpi_id[0x72] high edge lint[0x1])
[    0.000000] ACPI: LAPIC_NMI (acpi_id[0x73] high edge lint[0x1])
[    0.000000] ACPI: LAPIC_NMI (acpi_id[0x74] high edge lint[0x1])
[    0.000000] ACPI: LAPIC_NMI (acpi_id[0x75] high edge lint[0x1])
[    0.000000] ACPI: LAPIC_NMI (acpi_id[0x76] high edge lint[0x1])
[    0.000000] ACPI: LAPIC_NMI (acpi_id[0x77] high edge lint[0x1])
[    0.000000] ACPI: LAPIC_NMI (acpi_id[0x78] high edge lint[0x1])
[    0.000000] ACPI: LAPIC_NMI (acpi_id[0x79] high edge lint[0x1])
[    0.000000] ACPI: LAPIC_NMI (acpi_id[0x7a] high edge lint[0x1])
[    0.000000] ACPI: LAPIC_NMI (acpi_id[0x7b] high edge lint[0x1])
[    0.000000] ACPI: LAPIC_NMI (acpi_id[0x7c] high edge lint[0x1])
[    0.000000] ACPI: LAPIC_NMI (acpi_id[0x7d] high edge lint[0x1])
[    0.000000] ACPI: LAPIC_NMI (acpi_id[0x7e] high edge lint[0x1])
[    0.000000] ACPI: LAPIC_NMI (acpi_id[0x7f] high edge lint[0x1])
[    0.000000] IOAPIC[0]: apic_id 128, version 32, address 0xfec00000, GSI 0-23
[    0.000000] ACPI: INT_SRC_OVR (bus 0 bus_irq 0 global_irq 2 high edge)
[    0.000000] ACPI: IRQ0 used by override.
[    0.000000] ACPI: IRQ9 used by override.
[    0.000000] Using ACPI (MADT) for SMP configuration information
[    0.000000] TSC deadline timer available
[    0.000000] smpboot: Allowing 128 CPUs, 124 hotplug CPUs
[    0.000000] PM: Registered nosave memory: [mem 0x00000000-0x00000fff]
[    0.000000] PM: Registered nosave memory: [mem 0x000a0000-0x000bffff]
[    0.000000] PM: Registered nosave memory: [mem 0x000c0000-0x000fffff]
[    0.000000] PM: Registered nosave memory: [mem 0x0e5b4000-0x0e5b4fff]
[    0.000000] PM: Registered nosave memory: [mem 0x0e5b6000-0x0e5b6fff]
[    0.000000] PM: Registered nosave memory: [mem 0x0e5b7000-0x0e5b7fff]
[    0.000000] PM: Registered nosave memory: [mem 0x0e5b8000-0x0e5b8fff]
[    0.000000] PM: Registered nosave memory: [mem 0x0e5b9000-0x0e5b9fff]
[    0.000000] PM: Registered nosave memory: [mem 0x0e5bb000-0x0e5bbfff]
[    0.000000] PM: Registered nosave memory: [mem 0x0e5bc000-0x0e5bcfff]
[    0.000000] PM: Registered nosave memory: [mem 0x0e5c4000-0x0e5c4fff]
[    0.000000] PM: Registered nosave memory: [mem 0x0ef25000-0x0ef2dfff]
[    0.000000] PM: Registered nosave memory: [mem 0x0ef3d000-0x0ef42fff]
[    0.000000] PM: Registered nosave memory: [mem 0x0ef43000-0x0ef47fff]
[    0.000000] PM: Registered nosave memory: [mem 0x0ef61000-0x0ef65fff]
[    0.000000] PM: Registered nosave memory: [mem 0x0fee7000-0x0ff56fff]
[    0.000000] PM: Registered nosave memory: [mem 0x0ff57000-0x0ff72fff]
[    0.000000] PM: Registered nosave memory: [mem 0x0ff73000-0x0ff76fff]
[    0.000000] PM: Registered nosave memory: [mem 0xc0000000-0xffbfffff]
[    0.000000] PM: Registered nosave memory: [mem 0xffc00000-0xffc29fff]
[    0.000000] PM: Registered nosave memory: [mem 0xffc2a000-0xffffffff]
[    0.000000] e820: [mem 0xc0000000-0xffbfffff] available for PCI devices
[    0.000000] Booting paravirtualized kernel on VMware hypervisor
[    0.000000] clocksource: refined-jiffies: mask: 0xffffffff max_cycles: 0xffffffff, max_idle_ns: 7645519600211568 ns
[    0.000000] random: get_random_bytes called from start_kernel+0x99/0x520 with crng_init=0
[    0.000000] setup_percpu: NR_CPUS:8192 nr_cpumask_bits:128 nr_cpu_ids:128 nr_node_ids:1
[    0.000000] percpu: Embedded 45 pages/cpu s147456 r8192 d28672 u262144
[    0.000000] pcpu-alloc: s147456 r8192 d28672 u262144 alloc=1*2097152
[    0.000000] pcpu-alloc: [0] 000 001 002 003 004 005 006 007 
[    0.000000] pcpu-alloc: [0] 008 009 010 011 012 013 014 015 
[    0.000000] pcpu-alloc: [0] 016 017 018 019 020 021 022 023 
[    0.000000] pcpu-alloc: [0] 024 025 026 027 028 029 030 031 
[    0.000000] pcpu-alloc: [0] 032 033 034 035 036 037 038 039 
[    0.000000] pcpu-alloc: [0] 040 041 042 043 044 045 046 047 
[    0.000000] pcpu-alloc: [0] 048 049 050 051 052 053 054 055 
[    0.000000] pcpu-alloc: [0] 056 057 058 059 060 061 062 063 
[    0.000000] pcpu-alloc: [0] 064 065 066 067 068 069 070 071 
[    0.000000] pcpu-alloc: [0] 072 073 074 075 076 077 078 079 
[    0.000000] pcpu-alloc: [0] 080 081 082 083 084 085 086 087 
[    0.000000] pcpu-alloc: [0] 088 089 090 091 092 093 094 095 
[    0.000000] pcpu-alloc: [0] 096 097 098 099 100 101 102 103 
[    0.000000] pcpu-alloc: [0] 104 105 106 107 108 109 110 111 
[    0.000000] pcpu-alloc: [0] 112 113 114 115 116 117 118 119 
[    0.000000] pcpu-alloc: [0] 120 121 122 123 124 125 126 127 
[    0.000000] Built 1 zonelists, mobility grouping on.  Total pages: 1031906
[    0.000000] Policy zone: Normal
[    0.000000] Kernel command line: BOOT_IMAGE=/vmlinuz-4.15.18rev1 root=/dev/mapper/ubuntu--vg-root ro
[    0.000000] log_buf_len individual max cpu contribution: 4096 bytes
[    0.000000] log_buf_len total cpu_extra contributions: 520192 bytes
[    0.000000] log_buf_len min size: 262144 bytes
[    0.000000] log_buf_len: 1048576 bytes
[    0.000000] early log buf free: 232112(88%)
[    0.000000] Calgary: detecting Calgary via BIOS EBDA area
[    0.000000] Calgary: Unable to locate Rio Grande table in EBDA - bailing!
[    0.000000] Memory: 3544160K/4193240K available (12300K kernel code, 2480K rwdata, 4164K rodata, 2432K init, 2724K bss, 649080K reserved, 0K cma-reserved)
[    0.000000] SLUB: HWalign=64, Order=0-3, MinObjects=0, CPUs=128, Nodes=1
[    0.000000] Kernel/User page tables isolation: enabled
[    0.000000] ftrace: allocating 39271 entries in 154 pages
[    0.004000] Hierarchical RCU implementation.
[    0.004000] 	RCU restricting CPUs from NR_CPUS=8192 to nr_cpu_ids=128.
[    0.004000] 	Tasks RCU enabled.
[    0.004000] RCU: Adjusting geometry for rcu_fanout_leaf=16, nr_cpu_ids=128
[    0.004000] NR_IRQS: 524544, nr_irqs: 1448, preallocated irqs: 16
[    0.004000] Console: colour dummy device 80x25
[    0.004000] console [tty0] enabled
[    0.004000] ACPI: Core revision 20170831
[    0.004000] ACPI: 1 ACPI AML tables successfully acquired and loaded
[    0.004000] APIC: Switch to symmetric I/O mode setup
[    0.004000] x2apic enabled
[    0.004000] Switched APIC routing to physical x2apic.
[    0.004000] tsc: Detected 2303.740 MHz processor
[    0.004000] Calibrating delay loop (skipped) preset value.. 4607.48 BogoMIPS (lpj=9214960)
[    0.004000] pid_max: default: 131072 minimum: 1024
[    0.004000] Security Framework initialized
[    0.004000] Yama: becoming mindful.
[    0.004000] AppArmor: AppArmor initialized
[    0.004000] Dentry cache hash table entries: 524288 (order: 10, 4194304 bytes)
[    0.004000] Inode-cache hash table entries: 262144 (order: 9, 2097152 bytes)
[    0.004000] Mount-cache hash table entries: 8192 (order: 4, 65536 bytes)
[    0.004000] Mountpoint-cache hash table entries: 8192 (order: 4, 65536 bytes)
[    0.004000] Disabled fast string operations
[    0.004000] Last level iTLB entries: 4KB 64, 2MB 8, 4MB 8
[    0.004000] Last level dTLB entries: 4KB 64, 2MB 0, 4MB 0, 1GB 4
[    0.004000] Spectre V1 : Mitigation: usercopy/swapgs barriers and __user pointer sanitization
[    0.004000] Spectre V2 : Mitigation: Full generic retpoline
[    0.004000] Spectre V2 : Spectre v2 / SpectreRSB mitigation: Filling RSB on context switch
[    0.004000] Spectre V2 : Enabling Restricted Speculation for firmware calls
[    0.004000] Spectre V2 : mitigation: Enabling conditional Indirect Branch Prediction Barrier
[    0.004000] Speculative Store Bypass: Mitigation: Speculative Store Bypass disabled via prctl and seccomp
[    0.004000] SRBDS: Unknown: Dependent on hypervisor status
[    0.004000] MDS: Mitigation: Clear CPU buffers
[    0.004000] Freeing SMP alternatives memory: 36K
[    0.004000] smpboot: CPU0: Intel(R) Core(TM) i5-8259U CPU @ 2.30GHz (family: 0x6, model: 0x8e, stepping: 0xa)
[    0.004000] Performance Events: Skylake events, core PMU driver.
[    0.004000] core: CPUID marked event: 'cpu cycles' unavailable
[    0.004000] core: CPUID marked event: 'instructions' unavailable
[    0.004000] core: CPUID marked event: 'bus cycles' unavailable
[    0.004000] core: CPUID marked event: 'cache references' unavailable
[    0.004000] core: CPUID marked event: 'cache misses' unavailable
[    0.004000] core: CPUID marked event: 'branch instructions' unavailable
[    0.004000] core: CPUID marked event: 'branch misses' unavailable
[    0.004000] ... version:                1
[    0.004000] ... bit width:              48
[    0.004000] ... generic registers:      4
[    0.004000] ... value mask:             0000ffffffffffff
[    0.004000] ... max period:             000000007fffffff
[    0.004000] ... fixed-purpose events:   0
[    0.004000] ... event mask:             000000000000000f
[    0.004000] Hierarchical SRCU implementation.
[    0.004000] NMI watchdog: Perf event create on CPU 0 failed with -2
[    0.004000] NMI watchdog: Perf NMI watchdog permanently disabled
[    0.009791] smp: Bringing up secondary CPUs ...
[    0.010066] x86: Booting SMP configuration:
[    0.010068] .... node  #0, CPUs:          #1
[    0.004000] Disabled fast string operations
[    0.004000] smpboot: CPU 1 Converting physical 2 to logical package 1
[    0.010693]    #2
[    0.004000] Disabled fast string operations
[    0.004000] smpboot: CPU 2 Converting physical 4 to logical package 2
[    0.012425]    #3
[    0.004000] Disabled fast string operations
[    0.004000] smpboot: CPU 3 Converting physical 6 to logical package 3
[    0.013199] smp: Brought up 1 node, 4 CPUs
[    0.013199] smpboot: Max logical packages: 128
[    0.013199] smpboot: Total of 4 processors activated (18429.92 BogoMIPS)
[    0.013199] devtmpfs: initialized
[    0.013199] x86/mm: Memory block size: 128MB
[    0.013199] evm: security.selinux
[    0.013199] evm: security.SMACK64
[    0.013199] evm: security.SMACK64EXEC
[    0.013199] evm: security.SMACK64TRANSMUTE
[    0.013199] evm: security.SMACK64MMAP
[    0.013199] evm: security.apparmor
[    0.013199] evm: security.ima
[    0.013199] evm: security.capability
[    0.013199] PM: Registering ACPI NVS region [mem 0x00000000-0x00000fff] (4096 bytes)
[    0.013199] PM: Registering ACPI NVS region [mem 0x0ef43000-0x0ef47fff] (20480 bytes)
[    0.013199] PM: Registering ACPI NVS region [mem 0x0ff73000-0x0ff76fff] (16384 bytes)
[    0.013199] clocksource: jiffies: mask: 0xffffffff max_cycles: 0xffffffff, max_idle_ns: 7645041785100000 ns
[    0.013199] futex hash table entries: 32768 (order: 9, 2097152 bytes)
[    0.017633] pinctrl core: initialized pinctrl subsystem
[    0.017816] RTC time: 23:00:05, date: 09/14/20
[    0.019062] NET: Registered protocol family 16
[    0.019116] audit: initializing netlink subsys (disabled)
[    0.019160] audit: type=2000 audit(1600124405.016:1): state=initialized audit_enabled=0 res=1
[    0.019160] cpuidle: using governor ladder
[    0.019160] cpuidle: using governor menu
[    0.019160] ACPI: bus type PCI registered
[    0.019160] acpiphp: ACPI Hot Plug PCI Controller Driver version: 0.5
[    0.020258] PCI: MMCONFIG for domain 0000 [bus 00-7f] at [mem 0xe0000000-0xe7ffffff] (base 0xe0000000)
[    0.020263] PCI: not using MMCONFIG
[    0.020265] PCI: Using configuration type 1 for base access
[    0.021280] HugeTLB registered 1.00 GiB page size, pre-allocated 0 pages
[    0.021280] HugeTLB registered 2.00 MiB page size, pre-allocated 0 pages
[    0.024076] ACPI: Added _OSI(Module Device)
[    0.024079] ACPI: Added _OSI(Processor Device)
[    0.024080] ACPI: Added _OSI(3.0 _SCP Extensions)
[    0.024082] ACPI: Added _OSI(Processor Aggregator Device)
[    0.024083] ACPI: Added _OSI(Linux-Dell-Video)
[    0.024085] ACPI: Added _OSI(Linux-Lenovo-NV-HDMI-Audio)
[    0.024086] ACPI: Added _OSI(Linux-HPI-Hybrid-Graphics)
[    0.027204] ACPI: [Firmware Bug]: BIOS _OSI(Linux) query ignored
[    0.027212] ACPI: BIOS _OSI(Darwin) query ignored
[    0.053383] ACPI: Interpreter enabled
[    0.053400] ACPI: (supports S0 S1 S4 S5)
[    0.053403] ACPI: Using IOAPIC for interrupt routing
[    0.053430] PCI: MMCONFIG for domain 0000 [bus 00-7f] at [mem 0xe0000000-0xe7ffffff] (base 0xe0000000)
[    0.055212] PCI: MMCONFIG at [mem 0xe0000000-0xe7ffffff] reserved in ACPI motherboard resources
[    0.055226] PCI: Using host bridge windows from ACPI; if necessary, use "pci=nocrs" and report a bug
[    0.056736] ACPI: Enabled 4 GPEs in block 00 to 0F
[    0.272908] ACPI: PCI Root Bridge [PCI0] (domain 0000 [bus 00-7f])
[    0.272917] acpi PNP0A03:00: _OSC: OS supports [ExtendedConfig ASPM ClockPM Segments MSI]
[    0.273121] acpi PNP0A03:00: _OSC: platform does not support [AER]
[    0.273324] acpi PNP0A03:00: _OSC: OS now controls [PCIeHotplug PME PCIeCapability]
[    0.274430] PCI host bridge to bus 0000:00
[    0.274434] pci_bus 0000:00: root bus resource [io  0x0d00-0xffff window]
[    0.274436] pci_bus 0000:00: root bus resource [io  0x0000-0x0cf7 window]
[    0.274437] pci_bus 0000:00: root bus resource [mem 0xfef00000-0xffdfffff window]
[    0.274439] pci_bus 0000:00: root bus resource [mem 0xfed45000-0xfedfffff window]
[    0.274441] pci_bus 0000:00: root bus resource [mem 0xfec10000-0xfed3ffff window]
[    0.274443] pci_bus 0000:00: root bus resource [mem 0xfa500000-0xfebfffff window]
[    0.274444] pci_bus 0000:00: root bus resource [mem 0xf0000000-0xfa4fffff pref window]
[    0.274446] pci_bus 0000:00: root bus resource [mem 0xc0000000-0xefffffff window]
[    0.274448] pci_bus 0000:00: root bus resource [mem 0x000a0000-0x000bffff window]
[    0.274450] pci_bus 0000:00: root bus resource [mem 0x000c4000-0x000c7fff window]
[    0.274452] pci_bus 0000:00: root bus resource [mem 0x000c8000-0x000cbfff window]
[    0.274453] pci_bus 0000:00: root bus resource [mem 0x000d4000-0x000d7fff window]
[    0.274455] pci_bus 0000:00: root bus resource [mem 0x000d8000-0x000dbfff window]
[    0.274457] pci_bus 0000:00: root bus resource [mem 0x000e4000-0x000e7fff window]
[    0.274458] pci_bus 0000:00: root bus resource [mem 0x000e8000-0x000ebfff window]
[    0.274460] pci_bus 0000:00: root bus resource [mem 0x000ec000-0x000effff window]
[    0.274462] pci_bus 0000:00: root bus resource [bus 00-7f]
[    0.274524] pci 0000:00:00.0: [8086:7190] type 00 class 0x060000
[    0.275383] pci 0000:00:01.0: [8086:7191] type 01 class 0x060400
[    0.276032] pci 0000:00:07.0: [8086:7110] type 00 class 0x060100
[    0.276993] pci 0000:00:07.1: [8086:7111] type 00 class 0x01018a
[    0.280005] pci 0000:00:07.1: reg 0x20: [io  0x2150-0x215f]
[    0.280645] pci 0000:00:07.1: legacy IDE quirk: reg 0x10: [io  0x01f0-0x01f7]
[    0.280649] pci 0000:00:07.1: legacy IDE quirk: reg 0x14: [io  0x03f6]
[    0.280651] pci 0000:00:07.1: legacy IDE quirk: reg 0x18: [io  0x0170-0x0177]
[    0.280652] pci 0000:00:07.1: legacy IDE quirk: reg 0x1c: [io  0x0376]
[    0.280963] pci 0000:00:07.3: [8086:7113] type 00 class 0x068000
[    0.281592] pci 0000:00:07.3: quirk: [io  0x0440-0x047f] claimed by PIIX4 ACPI
[    0.281991] pci 0000:00:07.7: [15ad:0740] type 00 class 0x088000
[    0.282214] pci 0000:00:07.7: reg 0x10: [io  0x2100-0x213f]
[    0.282342] pci 0000:00:07.7: reg 0x14: [mem 0xffbe0000-0xffbe1fff 64bit]
[    0.283361] pci 0000:00:0f.0: [15ad:0405] type 00 class 0x030000
[    0.284999] pci 0000:00:0f.0: reg 0x10: [io  0x2140-0x214f]
[    0.286690] pci 0000:00:0f.0: reg 0x14: [mem 0xf0000000-0xf7ffffff pref]
[    0.288004] pci 0000:00:0f.0: reg 0x18: [mem 0xfb800000-0xfbffffff]
[    0.294568] pci 0000:00:0f.0: reg 0x30: [mem 0xffff8000-0xffffffff pref]
[    0.294623] pci 0000:00:0f.0: BAR 1: assigned to efifb
[    0.295182] pci 0000:00:10.0: [1000:0030] type 00 class 0x010000
[    0.296004] pci 0000:00:10.0: reg 0x10: [io  0x2000-0x20ff]
[    0.296915] pci 0000:00:10.0: reg 0x14: [mem 0xffbc0000-0xffbdffff 64bit]
[    0.297811] pci 0000:00:10.0: reg 0x1c: [mem 0xffba0000-0xffbbffff 64bit]
[    0.299520] pci 0000:00:10.0: reg 0x30: [mem 0xffffc000-0xffffffff pref]
[    0.300003] pci 0000:00:11.0: [15ad:0790] type 01 class 0x060401
[    0.301041] pci 0000:00:15.0: [15ad:07a0] type 01 class 0x060400
[    0.302149] pci 0000:00:15.0: PME# supported from D0 D3hot D3cold
[    0.302561] pci 0000:00:15.1: [15ad:07a0] type 01 class 0x060400
[    0.303957] pci 0000:00:15.1: PME# supported from D0 D3hot D3cold
[    0.304722] pci 0000:00:15.2: [15ad:07a0] type 01 class 0x060400
[    0.306084] pci 0000:00:15.2: PME# supported from D0 D3hot D3cold
[    0.306535] pci 0000:00:15.3: [15ad:07a0] type 01 class 0x060400
[    0.308465] pci 0000:00:15.3: PME# supported from D0 D3hot D3cold
[    0.308892] pci 0000:00:15.4: [15ad:07a0] type 01 class 0x060400
[    0.310010] pci 0000:00:15.4: PME# supported from D0 D3hot D3cold
[    0.310378] pci 0000:00:15.5: [15ad:07a0] type 01 class 0x060400
[    0.311450] pci 0000:00:15.5: PME# supported from D0 D3hot D3cold
[    0.311819] pci 0000:00:15.6: [15ad:07a0] type 01 class 0x060400
[    0.312876] pci 0000:00:15.6: PME# supported from D0 D3hot D3cold
[    0.313264] pci 0000:00:15.7: [15ad:07a0] type 01 class 0x060400
[    0.314308] pci 0000:00:15.7: PME# supported from D0 D3hot D3cold
[    0.314742] pci 0000:00:16.0: [15ad:07a0] type 01 class 0x060400
[    0.315789] pci 0000:00:16.0: PME# supported from D0 D3hot D3cold
[    0.316148] pci 0000:00:16.1: [15ad:07a0] type 01 class 0x060400
[    0.317193] pci 0000:00:16.1: PME# supported from D0 D3hot D3cold
[    0.317552] pci 0000:00:16.2: [15ad:07a0] type 01 class 0x060400
[    0.318824] pci 0000:00:16.2: PME# supported from D0 D3hot D3cold
[    0.319508] pci 0000:00:16.3: [15ad:07a0] type 01 class 0x060400
[    0.320645] pci 0000:00:16.3: PME# supported from D0 D3hot D3cold
[    0.321002] pci 0000:00:16.4: [15ad:07a0] type 01 class 0x060400
[    0.322335] pci 0000:00:16.4: PME# supported from D0 D3hot D3cold
[    0.322707] pci 0000:00:16.5: [15ad:07a0] type 01 class 0x060400
[    0.323786] pci 0000:00:16.5: PME# supported from D0 D3hot D3cold
[    0.324185] pci 0000:00:16.6: [15ad:07a0] type 01 class 0x060400
[    0.325219] pci 0000:00:16.6: PME# supported from D0 D3hot D3cold
[    0.325578] pci 0000:00:16.7: [15ad:07a0] type 01 class 0x060400
[    0.326645] pci 0000:00:16.7: PME# supported from D0 D3hot D3cold
[    0.327001] pci 0000:00:17.0: [15ad:07a0] type 01 class 0x060400
[    0.328070] pci 0000:00:17.0: PME# supported from D0 D3hot D3cold
[    0.328426] pci 0000:00:17.1: [15ad:07a0] type 01 class 0x060400
[    0.329488] pci 0000:00:17.1: PME# supported from D0 D3hot D3cold
[    0.329841] pci 0000:00:17.2: [15ad:07a0] type 01 class 0x060400
[    0.330866] pci 0000:00:17.2: PME# supported from D0 D3hot D3cold
[    0.331228] pci 0000:00:17.3: [15ad:07a0] type 01 class 0x060400
[    0.332280] pci 0000:00:17.3: PME# supported from D0 D3hot D3cold
[    0.332684] pci 0000:00:17.4: [15ad:07a0] type 01 class 0x060400
[    0.333794] pci 0000:00:17.4: PME# supported from D0 D3hot D3cold
[    0.334199] pci 0000:00:17.5: [15ad:07a0] type 01 class 0x060400
[    0.335233] pci 0000:00:17.5: PME# supported from D0 D3hot D3cold
[    0.335625] pci 0000:00:17.6: [15ad:07a0] type 01 class 0x060400
[    0.336707] pci 0000:00:17.6: PME# supported from D0 D3hot D3cold
[    0.337271] pci 0000:00:17.7: [15ad:07a0] type 01 class 0x060400
[    0.338318] pci 0000:00:17.7: PME# supported from D0 D3hot D3cold
[    0.338732] pci 0000:00:18.0: [15ad:07a0] type 01 class 0x060400
[    0.339776] pci 0000:00:18.0: PME# supported from D0 D3hot D3cold
[    0.340126] pci 0000:00:18.1: [15ad:07a0] type 01 class 0x060400
[    0.341159] pci 0000:00:18.1: PME# supported from D0 D3hot D3cold
[    0.341623] pci 0000:00:18.2: [15ad:07a0] type 01 class 0x060400
[    0.342663] pci 0000:00:18.2: PME# supported from D0 D3hot D3cold
[    0.343091] pci 0000:00:18.3: [15ad:07a0] type 01 class 0x060400
[    0.344175] pci 0000:00:18.3: PME# supported from D0 D3hot D3cold
[    0.344567] pci 0000:00:18.4: [15ad:07a0] type 01 class 0x060400
[    0.345601] pci 0000:00:18.4: PME# supported from D0 D3hot D3cold
[    0.345958] pci 0000:00:18.5: [15ad:07a0] type 01 class 0x060400
[    0.347056] pci 0000:00:18.5: PME# supported from D0 D3hot D3cold
[    0.347416] pci 0000:00:18.6: [15ad:07a0] type 01 class 0x060400
[    0.348454] pci 0000:00:18.6: PME# supported from D0 D3hot D3cold
[    0.348813] pci 0000:00:18.7: [15ad:07a0] type 01 class 0x060400
[    0.349843] pci 0000:00:18.7: PME# supported from D0 D3hot D3cold
[    0.350285] pci 0000:00:01.0: PCI bridge to [bus 01]
[    0.350868] acpiphp: Slot [32] registered
[    0.350910] acpiphp: Slot [33] registered
[    0.350964] acpiphp: Slot [34] registered
[    0.351016] acpiphp: Slot [35] registered
[    0.351068] acpiphp: Slot [36] registered
[    0.351120] acpiphp: Slot [37] registered
[    0.351171] acpiphp: Slot [38] registered
[    0.351236] acpiphp: Slot [39] registered
[    0.351350] acpiphp: Slot [40] registered
[    0.351455] acpiphp: Slot [41] registered
[    0.351507] acpiphp: Slot [42] registered
[    0.351562] acpiphp: Slot [43] registered
[    0.351614] acpiphp: Slot [44] registered
[    0.351666] acpiphp: Slot [45] registered
[    0.351718] acpiphp: Slot [46] registered
[    0.351770] acpiphp: Slot [47] registered
[    0.351821] acpiphp: Slot [48] registered
[    0.351873] acpiphp: Slot [49] registered
[    0.351925] acpiphp: Slot [50] registered
[    0.351977] acpiphp: Slot [51] registered
[    0.352020] acpiphp: Slot [52] registered
[    0.352073] acpiphp: Slot [53] registered
[    0.352128] acpiphp: Slot [54] registered
[    0.352214] acpiphp: Slot [55] registered
[    0.352267] acpiphp: Slot [56] registered
[    0.352319] acpiphp: Slot [57] registered
[    0.352371] acpiphp: Slot [58] registered
[    0.352422] acpiphp: Slot [59] registered
[    0.352474] acpiphp: Slot [60] registered
[    0.352526] acpiphp: Slot [61] registered
[    0.352578] acpiphp: Slot [62] registered
[    0.352630] acpiphp: Slot [63] registered
[    0.352746] pci 0000:02:01.0: [8086:100f] type 00 class 0x020000
[    0.354749] pci 0000:02:01.0: reg 0x10: [mem 0xfc000000-0xfc01ffff 64bit]
[    0.356005] pci 0000:02:01.0: reg 0x18: [mem 0xfc020000-0xfc02ffff 64bit]
[    0.357184] pci 0000:02:01.0: reg 0x20: [io  0x1000-0x103f]
[    0.358880] pci 0000:02:01.0: reg 0x30: [mem 0xffff0000-0xffffffff pref]
[    0.359315] pci 0000:02:01.0: PME# supported from D0 D3hot D3cold
[    0.359659] pci 0000:02:02.0: [15ad:07e0] type 00 class 0x010601
[    0.362270] pci 0000:02:02.0: reg 0x24: [mem 0xfc050000-0xfc050fff]
[    0.362692] pci 0000:02:02.0: reg 0x30: [mem 0xffff0000-0xffffffff pref]
[    0.363266] pci 0000:02:02.0: PME# supported from D3hot
[    0.363887] pci 0000:00:11.0: PCI bridge to [bus 02] (subtractive decode)
[    0.363920] pci 0000:00:11.0:   bridge window [io  0x1000-0x1fff]
[    0.363949] pci 0000:00:11.0:   bridge window [mem 0xfc000000-0xfc9fffff]
[    0.364003] pci 0000:00:11.0:   bridge window [mem 0xf8000000-0xf84fffff 64bit pref]
[    0.364004] pci 0000:00:11.0:   bridge window [io  0x0d00-0xffff window] (subtractive decode)
[    0.364005] pci 0000:00:11.0:   bridge window [io  0x0000-0x0cf7 window] (subtractive decode)
[    0.364005] pci 0000:00:11.0:   bridge window [mem 0xfef00000-0xffdfffff window] (subtractive decode)
[    0.364006] pci 0000:00:11.0:   bridge window [mem 0xfed45000-0xfedfffff window] (subtractive decode)
[    0.364007] pci 0000:00:11.0:   bridge window [mem 0xfec10000-0xfed3ffff window] (subtractive decode)
[    0.364007] pci 0000:00:11.0:   bridge window [mem 0xfa500000-0xfebfffff window] (subtractive decode)
[    0.364008] pci 0000:00:11.0:   bridge window [mem 0xf0000000-0xfa4fffff pref window] (subtractive decode)
[    0.364008] pci 0000:00:11.0:   bridge window [mem 0xc0000000-0xefffffff window] (subtractive decode)
[    0.364009] pci 0000:00:11.0:   bridge window [mem 0x000a0000-0x000bffff window] (subtractive decode)
[    0.364010] pci 0000:00:11.0:   bridge window [mem 0x000c4000-0x000c7fff window] (subtractive decode)
[    0.364010] pci 0000:00:11.0:   bridge window [mem 0x000c8000-0x000cbfff window] (subtractive decode)
[    0.364011] pci 0000:00:11.0:   bridge window [mem 0x000d4000-0x000d7fff window] (subtractive decode)
[    0.364011] pci 0000:00:11.0:   bridge window [mem 0x000d8000-0x000dbfff window] (subtractive decode)
[    0.364012] pci 0000:00:11.0:   bridge window [mem 0x000e4000-0x000e7fff window] (subtractive decode)
[    0.364013] pci 0000:00:11.0:   bridge window [mem 0x000e8000-0x000ebfff window] (subtractive decode)
[    0.364013] pci 0000:00:11.0:   bridge window [mem 0x000ec000-0x000effff window] (subtractive decode)
[    0.364397] pci 0000:00:15.0: PCI bridge to [bus 03]
[    0.364459] pci 0000:00:15.0:   bridge window [mem 0xfea00000-0xfeafffff]
[    0.364516] pci 0000:00:15.0:   bridge window [mem 0xfa400000-0xfa4fffff 64bit pref]
[    0.364891] pci 0000:00:15.1: PCI bridge to [bus 04]
[    0.364953] pci 0000:00:15.1:   bridge window [mem 0xfe900000-0xfe9fffff]
[    0.365011] pci 0000:00:15.1:   bridge window [mem 0xfa300000-0xfa3fffff 64bit pref]
[    0.365381] pci 0000:00:15.2: PCI bridge to [bus 05]
[    0.365443] pci 0000:00:15.2:   bridge window [mem 0xfe800000-0xfe8fffff]
[    0.365500] pci 0000:00:15.2:   bridge window [mem 0xfa200000-0xfa2fffff 64bit pref]
[    0.365879] pci 0000:00:15.3: PCI bridge to [bus 06]
[    0.365940] pci 0000:00:15.3:   bridge window [mem 0xfe700000-0xfe7fffff]
[    0.365998] pci 0000:00:15.3:   bridge window [mem 0xfa100000-0xfa1fffff 64bit pref]
[    0.366373] pci 0000:00:15.4: PCI bridge to [bus 07]
[    0.366435] pci 0000:00:15.4:   bridge window [mem 0xfe600000-0xfe6fffff]
[    0.366492] pci 0000:00:15.4:   bridge window [mem 0xfa000000-0xfa0fffff 64bit pref]
[    0.366874] pci 0000:00:15.5: PCI bridge to [bus 08]
[    0.366934] pci 0000:00:15.5:   bridge window [mem 0xfe500000-0xfe5fffff]
[    0.366990] pci 0000:00:15.5:   bridge window [mem 0xf9f00000-0xf9ffffff 64bit pref]
[    0.367351] pci 0000:00:15.6: PCI bridge to [bus 09]
[    0.367410] pci 0000:00:15.6:   bridge window [mem 0xfe400000-0xfe4fffff]
[    0.367466] pci 0000:00:15.6:   bridge window [mem 0xf9e00000-0xf9efffff 64bit pref]
[    0.367829] pci 0000:00:15.7: PCI bridge to [bus 0a]
[    0.367889] pci 0000:00:15.7:   bridge window [mem 0xfe300000-0xfe3fffff]
[    0.367944] pci 0000:00:15.7:   bridge window [mem 0xf9d00000-0xf9dfffff 64bit pref]
[    0.368297] pci 0000:00:16.0: PCI bridge to [bus 0b]
[    0.368357] pci 0000:00:16.0:   bridge window [mem 0xfe200000-0xfe2fffff]
[    0.368413] pci 0000:00:16.0:   bridge window [mem 0xf9c00000-0xf9cfffff 64bit pref]
[    0.368783] pci 0000:00:16.1: PCI bridge to [bus 0c]
[    0.368841] pci 0000:00:16.1:   bridge window [mem 0xfe100000-0xfe1fffff]
[    0.368896] pci 0000:00:16.1:   bridge window [mem 0xf9b00000-0xf9bfffff 64bit pref]
[    0.369328] pci 0000:00:16.2: PCI bridge to [bus 0d]
[    0.369387] pci 0000:00:16.2:   bridge window [mem 0xfe000000-0xfe0fffff]
[    0.369441] pci 0000:00:16.2:   bridge window [mem 0xf9a00000-0xf9afffff 64bit pref]
[    0.369800] pci 0000:00:16.3: PCI bridge to [bus 0e]
[    0.369858] pci 0000:00:16.3:   bridge window [mem 0xfdf00000-0xfdffffff]
[    0.369913] pci 0000:00:16.3:   bridge window [mem 0xf9900000-0xf99fffff 64bit pref]
[    0.370268] pci 0000:00:16.4: PCI bridge to [bus 0f]
[    0.370326] pci 0000:00:16.4:   bridge window [mem 0xfde00000-0xfdefffff]
[    0.370380] pci 0000:00:16.4:   bridge window [mem 0xf9800000-0xf98fffff 64bit pref]
[    0.370731] pci 0000:00:16.5: PCI bridge to [bus 10]
[    0.370789] pci 0000:00:16.5:   bridge window [mem 0xfdd00000-0xfddfffff]
[    0.370843] pci 0000:00:16.5:   bridge window [mem 0xf9700000-0xf97fffff 64bit pref]
[    0.371307] pci 0000:00:16.6: PCI bridge to [bus 11]
[    0.371366] pci 0000:00:16.6:   bridge window [mem 0xfdc00000-0xfdcfffff]
[    0.371420] pci 0000:00:16.6:   bridge window [mem 0xf9600000-0xf96fffff 64bit pref]
[    0.371770] pci 0000:00:16.7: PCI bridge to [bus 12]
[    0.371828] pci 0000:00:16.7:   bridge window [mem 0xfdb00000-0xfdbfffff]
[    0.371882] pci 0000:00:16.7:   bridge window [mem 0xf9500000-0xf95fffff 64bit pref]
[    0.372234] pci 0000:00:17.0: PCI bridge to [bus 13]
[    0.372292] pci 0000:00:17.0:   bridge window [mem 0xfda00000-0xfdafffff]
[    0.372346] pci 0000:00:17.0:   bridge window [mem 0xf9400000-0xf94fffff 64bit pref]
[    0.372700] pci 0000:00:17.1: PCI bridge to [bus 14]
[    0.372758] pci 0000:00:17.1:   bridge window [mem 0xfd900000-0xfd9fffff]
[    0.372812] pci 0000:00:17.1:   bridge window [mem 0xf9300000-0xf93fffff 64bit pref]
[    0.373166] pci 0000:00:17.2: PCI bridge to [bus 15]
[    0.373224] pci 0000:00:17.2:   bridge window [mem 0xfd800000-0xfd8fffff]
[    0.373278] pci 0000:00:17.2:   bridge window [mem 0xf9200000-0xf92fffff 64bit pref]
[    0.373635] pci 0000:00:17.3: PCI bridge to [bus 16]
[    0.373693] pci 0000:00:17.3:   bridge window [mem 0xfd700000-0xfd7fffff]
[    0.373746] pci 0000:00:17.3:   bridge window [mem 0xf9100000-0xf91fffff 64bit pref]
[    0.374101] pci 0000:00:17.4: PCI bridge to [bus 17]
[    0.374158] pci 0000:00:17.4:   bridge window [mem 0xfd600000-0xfd6fffff]
[    0.374213] pci 0000:00:17.4:   bridge window [mem 0xf9000000-0xf90fffff 64bit pref]
[    0.374565] pci 0000:00:17.5: PCI bridge to [bus 18]
[    0.374622] pci 0000:00:17.5:   bridge window [mem 0xfd500000-0xfd5fffff]
[    0.374676] pci 0000:00:17.5:   bridge window [mem 0xf8f00000-0xf8ffffff 64bit pref]
[    0.375032] pci 0000:00:17.6: PCI bridge to [bus 19]
[    0.375091] pci 0000:00:17.6:   bridge window [mem 0xfd400000-0xfd4fffff]
[    0.375145] pci 0000:00:17.6:   bridge window [mem 0xf8e00000-0xf8efffff 64bit pref]
[    0.375518] pci 0000:00:17.7: PCI bridge to [bus 1a]
[    0.375599] pci 0000:00:17.7:   bridge window [mem 0xfd300000-0xfd3fffff]
[    0.375670] pci 0000:00:17.7:   bridge window [mem 0xf8d00000-0xf8dfffff 64bit pref]
[    0.376026] pci 0000:00:18.0: PCI bridge to [bus 1b]
[    0.376085] pci 0000:00:18.0:   bridge window [mem 0xfd200000-0xfd2fffff]
[    0.376139] pci 0000:00:18.0:   bridge window [mem 0xf8c00000-0xf8cfffff 64bit pref]
[    0.376530] pci 0000:00:18.1: PCI bridge to [bus 1c]
[    0.376589] pci 0000:00:18.1:   bridge window [mem 0xfd100000-0xfd1fffff]
[    0.376643] pci 0000:00:18.1:   bridge window [mem 0xf8b00000-0xf8bfffff 64bit pref]
[    0.376994] pci 0000:00:18.2: PCI bridge to [bus 1d]
[    0.377052] pci 0000:00:18.2:   bridge window [mem 0xfd000000-0xfd0fffff]
[    0.377106] pci 0000:00:18.2:   bridge window [mem 0xf8a00000-0xf8afffff 64bit pref]
[    0.377460] pci 0000:00:18.3: PCI bridge to [bus 1e]
[    0.377518] pci 0000:00:18.3:   bridge window [mem 0xfcf00000-0xfcffffff]
[    0.377572] pci 0000:00:18.3:   bridge window [mem 0xf8900000-0xf89fffff 64bit pref]
[    0.377961] pci 0000:00:18.4: PCI bridge to [bus 1f]
[    0.378020] pci 0000:00:18.4:   bridge window [mem 0xfce00000-0xfcefffff]
[    0.378074] pci 0000:00:18.4:   bridge window [mem 0xf8800000-0xf88fffff 64bit pref]
[    0.378425] pci 0000:00:18.5: PCI bridge to [bus 20]
[    0.378483] pci 0000:00:18.5:   bridge window [mem 0xfcd00000-0xfcdfffff]
[    0.378537] pci 0000:00:18.5:   bridge window [mem 0xf8700000-0xf87fffff 64bit pref]
[    0.378892] pci 0000:00:18.6: PCI bridge to [bus 21]
[    0.378950] pci 0000:00:18.6:   bridge window [mem 0xfcc00000-0xfccfffff]
[    0.379004] pci 0000:00:18.6:   bridge window [mem 0xf8600000-0xf86fffff 64bit pref]
[    0.379355] pci 0000:00:18.7: PCI bridge to [bus 22]
[    0.379413] pci 0000:00:18.7:   bridge window [mem 0xfcb00000-0xfcbfffff]
[    0.379467] pci 0000:00:18.7:   bridge window [mem 0xf8500000-0xf85fffff 64bit pref]
[    0.381959] ACPI: PCI Interrupt Link [LNKA] (IRQs 3 4 5 6 7 9 10 11 14 15) *0, disabled.
[    0.382070] ACPI: PCI Interrupt Link [LNKB] (IRQs 3 4 5 6 7 9 10 11 14 15) *0, disabled.
[    0.382175] ACPI: PCI Interrupt Link [LNKC] (IRQs 3 4 5 6 7 9 10 11 14 15) *0, disabled.
[    0.382278] ACPI: PCI Interrupt Link [LNKD] (IRQs 3 4 5 6 7 9 10 11 14 15) *0, disabled.
[    0.428215] SCSI subsystem initialized
[    0.428333] libata version 3.00 loaded.
[    0.428333] pci 0000:00:0f.0: vgaarb: setting as boot VGA device
[    0.428333] pci 0000:00:0f.0: vgaarb: VGA device added: decodes=io+mem,owns=io+mem,locks=none
[    0.428333] pci 0000:00:0f.0: vgaarb: bridge control possible
[    0.428333] vgaarb: loaded
[    0.428333] ACPI: bus type USB registered
[    0.428333] usbcore: registered new interface driver usbfs
[    0.428333] usbcore: registered new interface driver hub
[    0.428333] usbcore: registered new device driver usb
[    0.428333] EDAC MC: Ver: 3.0.0
[    0.429837] Registered efivars operations
[    0.429837] PCI: Using ACPI for IRQ routing
[    0.433637] PCI: pci_cache_line_size set to 64 bytes
[    0.434806] e820: reserve RAM buffer [mem 0x0e5b4018-0x0fffffff]
[    0.434807] e820: reserve RAM buffer [mem 0x0e5b7018-0x0fffffff]
[    0.434808] e820: reserve RAM buffer [mem 0x0e5b9018-0x0fffffff]
[    0.434809] e820: reserve RAM buffer [mem 0x0e5bc018-0x0fffffff]
[    0.434810] e820: reserve RAM buffer [mem 0x0ef25000-0x0fffffff]
[    0.434810] e820: reserve RAM buffer [mem 0x0ef3d000-0x0fffffff]
[    0.434811] e820: reserve RAM buffer [mem 0x0ef61000-0x0fffffff]
[    0.434812] e820: reserve RAM buffer [mem 0x0fee7000-0x0fffffff]
[    0.434937] NetLabel: Initializing
[    0.434939] NetLabel:  domain hash size = 128
[    0.434940] NetLabel:  protocols = UNLABELED CIPSOv4 CALIPSO
[    0.434949] NetLabel:  unlabeled traffic allowed by default
[    0.437652] clocksource: Switched to clocksource refined-jiffies
[    0.464418] VFS: Disk quotas dquot_6.6.0
[    0.464464] VFS: Dquot-cache hash table entries: 512 (order 0, 4096 bytes)
[    0.464641] AppArmor: AppArmor Filesystem Enabled
[    0.464667] pnp: PnP ACPI init
[    0.464918] system 00:00: [io  0x0440-0x047f] has been reserved
[    0.464921] system 00:00: [io  0x5658-0x5659] has been reserved
[    0.464923] system 00:00: [io  0x5670] has been reserved
[    0.464924] system 00:00: [io  0x0cf0-0x0cf1] has been reserved
[    0.464929] system 00:00: Plug and Play ACPI device, IDs PNP0c02 (active)
[    0.464988] pnp 00:01: Plug and Play ACPI device, IDs PNP0b00 (active)
[    0.465008] pnp 00:02: Plug and Play ACPI device, IDs PNP0303 (active)
[    0.465020] pnp 00:03: Plug and Play ACPI device, IDs VMW0003 PNP0f13 (active)
[    0.467327] system 00:04: [io  0x0400-0x041f] has been reserved
[    0.467330] system 00:04: [mem 0xe0000000-0xe7ffffff] has been reserved
[    0.467332] system 00:04: [mem 0xffc00000-0xffdfffff] could not be reserved
[    0.467335] system 00:04: Plug and Play ACPI device, IDs PNP0c02 (active)
[    0.501483] pnp: PnP ACPI: found 5 devices
[    0.512927] clocksource: acpi_pm: mask: 0xffffff max_cycles: 0xffffff, max_idle_ns: 2085701024 ns
[    0.513049] clocksource: Switched to clocksource acpi_pm
[    0.513056] pci 0000:00:0f.0: can't claim BAR 6 [mem 0xffff8000-0xffffffff pref]: no compatible bridge window
[    0.513059] pci 0000:00:10.0: can't claim BAR 6 [mem 0xffffc000-0xffffffff pref]: no compatible bridge window
[    0.513062] pci 0000:02:01.0: can't claim BAR 6 [mem 0xffff0000-0xffffffff pref]: no compatible bridge window
[    0.513065] pci 0000:02:02.0: can't claim BAR 6 [mem 0xffff0000-0xffffffff pref]: no compatible bridge window
[    0.513305] pci 0000:00:15.0: bridge window [io  0x1000-0x0fff] to [bus 03] add_size 1000
[    0.513386] pci 0000:00:15.1: bridge window [io  0x1000-0x0fff] to [bus 04] add_size 1000
[    0.513467] pci 0000:00:15.2: bridge window [io  0x1000-0x0fff] to [bus 05] add_size 1000
[    0.513548] pci 0000:00:15.3: bridge window [io  0x1000-0x0fff] to [bus 06] add_size 1000
[    0.513628] pci 0000:00:15.4: bridge window [io  0x1000-0x0fff] to [bus 07] add_size 1000
[    0.513709] pci 0000:00:15.5: bridge window [io  0x1000-0x0fff] to [bus 08] add_size 1000
[    0.513790] pci 0000:00:15.6: bridge window [io  0x1000-0x0fff] to [bus 09] add_size 1000
[    0.513871] pci 0000:00:15.7: bridge window [io  0x1000-0x0fff] to [bus 0a] add_size 1000
[    0.513952] pci 0000:00:16.0: bridge window [io  0x1000-0x0fff] to [bus 0b] add_size 1000
[    0.514033] pci 0000:00:16.1: bridge window [io  0x1000-0x0fff] to [bus 0c] add_size 1000
[    0.514114] pci 0000:00:16.2: bridge window [io  0x1000-0x0fff] to [bus 0d] add_size 1000
[    0.514195] pci 0000:00:16.3: bridge window [io  0x1000-0x0fff] to [bus 0e] add_size 1000
[    0.514276] pci 0000:00:16.4: bridge window [io  0x1000-0x0fff] to [bus 0f] add_size 1000
[    0.514356] pci 0000:00:16.5: bridge window [io  0x1000-0x0fff] to [bus 10] add_size 1000
[    0.514437] pci 0000:00:16.6: bridge window [io  0x1000-0x0fff] to [bus 11] add_size 1000
[    0.514518] pci 0000:00:16.7: bridge window [io  0x1000-0x0fff] to [bus 12] add_size 1000
[    0.514599] pci 0000:00:17.0: bridge window [io  0x1000-0x0fff] to [bus 13] add_size 1000
[    0.514679] pci 0000:00:17.1: bridge window [io  0x1000-0x0fff] to [bus 14] add_size 1000
[    0.514760] pci 0000:00:17.2: bridge window [io  0x1000-0x0fff] to [bus 15] add_size 1000
[    0.514843] pci 0000:00:17.3: bridge window [io  0x1000-0x0fff] to [bus 16] add_size 1000
[    0.514923] pci 0000:00:17.4: bridge window [io  0x1000-0x0fff] to [bus 17] add_size 1000
[    0.515004] pci 0000:00:17.5: bridge window [io  0x1000-0x0fff] to [bus 18] add_size 1000
[    0.515084] pci 0000:00:17.6: bridge window [io  0x1000-0x0fff] to [bus 19] add_size 1000
[    0.515165] pci 0000:00:17.7: bridge window [io  0x1000-0x0fff] to [bus 1a] add_size 1000
[    0.515246] pci 0000:00:18.0: bridge window [io  0x1000-0x0fff] to [bus 1b] add_size 1000
[    0.515327] pci 0000:00:18.1: bridge window [io  0x1000-0x0fff] to [bus 1c] add_size 1000
[    0.515408] pci 0000:00:18.2: bridge window [io  0x1000-0x0fff] to [bus 1d] add_size 1000
[    0.515488] pci 0000:00:18.3: bridge window [io  0x1000-0x0fff] to [bus 1e] add_size 1000
[    0.515569] pci 0000:00:18.4: bridge window [io  0x1000-0x0fff] to [bus 1f] add_size 1000
[    0.515650] pci 0000:00:18.5: bridge window [io  0x1000-0x0fff] to [bus 20] add_size 1000
[    0.515730] pci 0000:00:18.6: bridge window [io  0x1000-0x0fff] to [bus 21] add_size 1000
[    0.515811] pci 0000:00:18.7: bridge window [io  0x1000-0x0fff] to [bus 22] add_size 1000
[    0.515831] pci 0000:00:0f.0: BAR 6: assigned [mem 0xfef00000-0xfef07fff pref]
[    0.515835] pci 0000:00:10.0: BAR 6: assigned [mem 0xfef08000-0xfef0bfff pref]
[    0.515837] pci 0000:00:15.0: BAR 13: assigned [io  0x3000-0x3fff]
[    0.515839] pci 0000:00:15.1: BAR 13: assigned [io  0x4000-0x4fff]
[    0.515841] pci 0000:00:15.2: BAR 13: assigned [io  0x6000-0x6fff]
[    0.515842] pci 0000:00:15.3: BAR 13: assigned [io  0x7000-0x7fff]
[    0.515844] pci 0000:00:15.4: BAR 13: assigned [io  0x8000-0x8fff]
[    0.515846] pci 0000:00:15.5: BAR 13: assigned [io  0x9000-0x9fff]
[    0.515847] pci 0000:00:15.6: BAR 13: assigned [io  0xa000-0xafff]
[    0.515849] pci 0000:00:15.7: BAR 13: assigned [io  0xb000-0xbfff]
[    0.515851] pci 0000:00:16.0: BAR 13: assigned [io  0xc000-0xcfff]
[    0.515852] pci 0000:00:16.1: BAR 13: assigned [io  0xd000-0xdfff]
[    0.515854] pci 0000:00:16.2: BAR 13: assigned [io  0xe000-0xefff]
[    0.515856] pci 0000:00:16.3: BAR 13: assigned [io  0xf000-0xffff]
[    0.515858] pci 0000:00:16.4: BAR 13: no space for [io  size 0x1000]
[    0.515860] pci 0000:00:16.4: BAR 13: failed to assign [io  size 0x1000]
[    0.515862] pci 0000:00:16.5: BAR 13: no space for [io  size 0x1000]
[    0.515864] pci 0000:00:16.5: BAR 13: failed to assign [io  size 0x1000]
[    0.515866] pci 0000:00:16.6: BAR 13: no space for [io  size 0x1000]
[    0.515867] pci 0000:00:16.6: BAR 13: failed to assign [io  size 0x1000]
[    0.515870] pci 0000:00:16.7: BAR 13: no space for [io  size 0x1000]
[    0.515871] pci 0000:00:16.7: BAR 13: failed to assign [io  size 0x1000]
[    0.515873] pci 0000:00:17.0: BAR 13: no space for [io  size 0x1000]
[    0.515875] pci 0000:00:17.0: BAR 13: failed to assign [io  size 0x1000]
[    0.515877] pci 0000:00:17.1: BAR 13: no space for [io  size 0x1000]
[    0.515878] pci 0000:00:17.1: BAR 13: failed to assign [io  size 0x1000]
[    0.515880] pci 0000:00:17.2: BAR 13: no space for [io  size 0x1000]
[    0.515882] pci 0000:00:17.2: BAR 13: failed to assign [io  size 0x1000]
[    0.515884] pci 0000:00:17.3: BAR 13: no space for [io  size 0x1000]
[    0.515885] pci 0000:00:17.3: BAR 13: failed to assign [io  size 0x1000]
[    0.515887] pci 0000:00:17.4: BAR 13: no space for [io  size 0x1000]
[    0.515889] pci 0000:00:17.4: BAR 13: failed to assign [io  size 0x1000]
[    0.515891] pci 0000:00:17.5: BAR 13: no space for [io  size 0x1000]
[    0.515892] pci 0000:00:17.5: BAR 13: failed to assign [io  size 0x1000]
[    0.515894] pci 0000:00:17.6: BAR 13: no space for [io  size 0x1000]
[    0.515896] pci 0000:00:17.6: BAR 13: failed to assign [io  size 0x1000]
[    0.515898] pci 0000:00:17.7: BAR 13: no space for [io  size 0x1000]
[    0.515899] pci 0000:00:17.7: BAR 13: failed to assign [io  size 0x1000]
[    0.515901] pci 0000:00:18.0: BAR 13: no space for [io  size 0x1000]
[    0.515902] pci 0000:00:18.0: BAR 13: failed to assign [io  size 0x1000]
[    0.515905] pci 0000:00:18.1: BAR 13: no space for [io  size 0x1000]
[    0.515906] pci 0000:00:18.1: BAR 13: failed to assign [io  size 0x1000]
[    0.515908] pci 0000:00:18.2: BAR 13: no space for [io  size 0x1000]
[    0.515909] pci 0000:00:18.2: BAR 13: failed to assign [io  size 0x1000]
[    0.515912] pci 0000:00:18.3: BAR 13: no space for [io  size 0x1000]
[    0.515913] pci 0000:00:18.3: BAR 13: failed to assign [io  size 0x1000]
[    0.515915] pci 0000:00:18.4: BAR 13: no space for [io  size 0x1000]
[    0.515916] pci 0000:00:18.4: BAR 13: failed to assign [io  size 0x1000]
[    0.515919] pci 0000:00:18.5: BAR 13: no space for [io  size 0x1000]
[    0.515920] pci 0000:00:18.5: BAR 13: failed to assign [io  size 0x1000]
[    0.515922] pci 0000:00:18.6: BAR 13: no space for [io  size 0x1000]
[    0.515924] pci 0000:00:18.6: BAR 13: failed to assign [io  size 0x1000]
[    0.515926] pci 0000:00:18.7: BAR 13: no space for [io  size 0x1000]
[    0.515927] pci 0000:00:18.7: BAR 13: failed to assign [io  size 0x1000]
[    0.515931] pci 0000:00:18.7: BAR 13: assigned [io  0x3000-0x3fff]
[    0.515933] pci 0000:00:18.6: BAR 13: assigned [io  0x4000-0x4fff]
[    0.515934] pci 0000:00:18.5: BAR 13: assigned [io  0x6000-0x6fff]
[    0.515936] pci 0000:00:18.4: BAR 13: assigned [io  0x7000-0x7fff]
[    0.515938] pci 0000:00:18.3: BAR 13: assigned [io  0x8000-0x8fff]
[    0.515939] pci 0000:00:18.2: BAR 13: assigned [io  0x9000-0x9fff]
[    0.515941] pci 0000:00:18.1: BAR 13: assigned [io  0xa000-0xafff]
[    0.515943] pci 0000:00:18.0: BAR 13: assigned [io  0xb000-0xbfff]
[    0.515944] pci 0000:00:17.7: BAR 13: assigned [io  0xc000-0xcfff]
[    0.515946] pci 0000:00:17.6: BAR 13: assigned [io  0xd000-0xdfff]
[    0.515948] pci 0000:00:17.5: BAR 13: assigned [io  0xe000-0xefff]
[    0.515950] pci 0000:00:17.4: BAR 13: assigned [io  0xf000-0xffff]
[    0.515952] pci 0000:00:17.3: BAR 13: no space for [io  size 0x1000]
[    0.515953] pci 0000:00:17.3: BAR 13: failed to assign [io  size 0x1000]
[    0.515955] pci 0000:00:17.2: BAR 13: no space for [io  size 0x1000]
[    0.515957] pci 0000:00:17.2: BAR 13: failed to assign [io  size 0x1000]
[    0.515959] pci 0000:00:17.1: BAR 13: no space for [io  size 0x1000]
[    0.515960] pci 0000:00:17.1: BAR 13: failed to assign [io  size 0x1000]
[    0.515962] pci 0000:00:17.0: BAR 13: no space for [io  size 0x1000]
[    0.515964] pci 0000:00:17.0: BAR 13: failed to assign [io  size 0x1000]
[    0.515966] pci 0000:00:16.7: BAR 13: no space for [io  size 0x1000]
[    0.515967] pci 0000:00:16.7: BAR 13: failed to assign [io  size 0x1000]
[    0.515969] pci 0000:00:16.6: BAR 13: no space for [io  size 0x1000]
[    0.515971] pci 0000:00:16.6: BAR 13: failed to assign [io  size 0x1000]
[    0.515973] pci 0000:00:16.5: BAR 13: no space for [io  size 0x1000]
[    0.515974] pci 0000:00:16.5: BAR 13: failed to assign [io  size 0x1000]
[    0.515976] pci 0000:00:16.4: BAR 13: no space for [io  size 0x1000]
[    0.515978] pci 0000:00:16.4: BAR 13: failed to assign [io  size 0x1000]
[    0.515980] pci 0000:00:16.3: BAR 13: no space for [io  size 0x1000]
[    0.515981] pci 0000:00:16.3: BAR 13: failed to assign [io  size 0x1000]
[    0.515983] pci 0000:00:16.2: BAR 13: no space for [io  size 0x1000]
[    0.515985] pci 0000:00:16.2: BAR 13: failed to assign [io  size 0x1000]
[    0.515987] pci 0000:00:16.1: BAR 13: no space for [io  size 0x1000]
[    0.515988] pci 0000:00:16.1: BAR 13: failed to assign [io  size 0x1000]
[    0.515990] pci 0000:00:16.0: BAR 13: no space for [io  size 0x1000]
[    0.515992] pci 0000:00:16.0: BAR 13: failed to assign [io  size 0x1000]
[    0.515994] pci 0000:00:15.7: BAR 13: no space for [io  size 0x1000]
[    0.515995] pci 0000:00:15.7: BAR 13: failed to assign [io  size 0x1000]
[    0.515997] pci 0000:00:15.6: BAR 13: no space for [io  size 0x1000]
[    0.515999] pci 0000:00:15.6: BAR 13: failed to assign [io  size 0x1000]
[    0.515999] pci 0000:00:15.5: BAR 13: no space for [io  size 0x1000]
[    0.515999] pci 0000:00:15.5: BAR 13: failed to assign [io  size 0x1000]
[    0.515999] pci 0000:00:15.4: BAR 13: no space for [io  size 0x1000]
[    0.515999] pci 0000:00:15.4: BAR 13: failed to assign [io  size 0x1000]
[    0.515999] pci 0000:00:15.3: BAR 13: no space for [io  size 0x1000]
[    0.515999] pci 0000:00:15.3: BAR 13: failed to assign [io  size 0x1000]
[    0.515999] pci 0000:00:15.2: BAR 13: no space for [io  size 0x1000]
[    0.515999] pci 0000:00:15.2: BAR 13: failed to assign [io  size 0x1000]
[    0.515999] pci 0000:00:15.1: BAR 13: no space for [io  size 0x1000]
[    0.515999] pci 0000:00:15.1: BAR 13: failed to assign [io  size 0x1000]
[    0.515999] pci 0000:00:15.0: BAR 13: no space for [io  size 0x1000]
[    0.515999] pci 0000:00:15.0: BAR 13: failed to assign [io  size 0x1000]
[    0.515999] pci 0000:00:01.0: PCI bridge to [bus 01]
[    0.515999] pci 0000:02:01.0: BAR 6: assigned [mem 0xfc030000-0xfc03ffff pref]
[    0.515999] pci 0000:02:02.0: BAR 6: assigned [mem 0xfc040000-0xfc04ffff pref]
[    0.515999] pci 0000:00:11.0: PCI bridge to [bus 02]
[    0.515999] pci 0000:00:11.0:   bridge window [io  0x1000-0x1fff]
[    0.515999] pci 0000:00:11.0:   bridge window [mem 0xfc000000-0xfc9fffff]
[    0.515999] pci 0000:00:11.0:   bridge window [mem 0xf8000000-0xf84fffff 64bit pref]
[    0.515999] pci 0000:00:15.0: PCI bridge to [bus 03]
[    0.515999] pci 0000:00:15.0:   bridge window [mem 0xfea00000-0xfeafffff]
[    0.515999] pci 0000:00:15.0:   bridge window [mem 0xfa400000-0xfa4fffff 64bit pref]
[    0.515999] pci 0000:00:15.1: PCI bridge to [bus 04]
[    0.515999] pci 0000:00:15.1:   bridge window [mem 0xfe900000-0xfe9fffff]
[    0.515999] pci 0000:00:15.1:   bridge window [mem 0xfa300000-0xfa3fffff 64bit pref]
[    0.515999] pci 0000:00:15.2: PCI bridge to [bus 05]
[    0.515999] pci 0000:00:15.2:   bridge window [mem 0xfe800000-0xfe8fffff]
[    0.515999] pci 0000:00:15.2:   bridge window [mem 0xfa200000-0xfa2fffff 64bit pref]
[    0.515999] pci 0000:00:15.3: PCI bridge to [bus 06]
[    0.515999] pci 0000:00:15.3:   bridge window [mem 0xfe700000-0xfe7fffff]
[    0.515999] pci 0000:00:15.3:   bridge window [mem 0xfa100000-0xfa1fffff 64bit pref]
[    0.515999] pci 0000:00:15.4: PCI bridge to [bus 07]
[    0.515999] pci 0000:00:15.4:   bridge window [mem 0xfe600000-0xfe6fffff]
[    0.515999] pci 0000:00:15.4:   bridge window [mem 0xfa000000-0xfa0fffff 64bit pref]
[    0.515999] pci 0000:00:15.5: PCI bridge to [bus 08]
[    0.515999] pci 0000:00:15.5:   bridge window [mem 0xfe500000-0xfe5fffff]
[    0.515999] pci 0000:00:15.5:   bridge window [mem 0xf9f00000-0xf9ffffff 64bit pref]
[    0.516050] pci 0000:00:15.6: PCI bridge to [bus 09]
[    0.516093] pci 0000:00:15.6:   bridge window [mem 0xfe400000-0xfe4fffff]
[    0.516122] pci 0000:00:15.6:   bridge window [mem 0xf9e00000-0xf9efffff 64bit pref]
[    0.516177] pci 0000:00:15.7: PCI bridge to [bus 0a]
[    0.516219] pci 0000:00:15.7:   bridge window [mem 0xfe300000-0xfe3fffff]
[    0.516248] pci 0000:00:15.7:   bridge window [mem 0xf9d00000-0xf9dfffff 64bit pref]
[    0.516304] pci 0000:00:16.0: PCI bridge to [bus 0b]
[    0.516346] pci 0000:00:16.0:   bridge window [mem 0xfe200000-0xfe2fffff]
[    0.516375] pci 0000:00:16.0:   bridge window [mem 0xf9c00000-0xf9cfffff 64bit pref]
[    0.516475] pci 0000:00:16.1: PCI bridge to [bus 0c]
[    0.516524] pci 0000:00:16.1:   bridge window [mem 0xfe100000-0xfe1fffff]
[    0.516585] pci 0000:00:16.1:   bridge window [mem 0xf9b00000-0xf9bfffff 64bit pref]
[    0.516641] pci 0000:00:16.2: PCI bridge to [bus 0d]
[    0.516683] pci 0000:00:16.2:   bridge window [mem 0xfe000000-0xfe0fffff]
[    0.516713] pci 0000:00:16.2:   bridge window [mem 0xf9a00000-0xf9afffff 64bit pref]
[    0.516768] pci 0000:00:16.3: PCI bridge to [bus 0e]
[    0.516810] pci 0000:00:16.3:   bridge window [mem 0xfdf00000-0xfdffffff]
[    0.516839] pci 0000:00:16.3:   bridge window [mem 0xf9900000-0xf99fffff 64bit pref]
[    0.516894] pci 0000:00:16.4: PCI bridge to [bus 0f]
[    0.516936] pci 0000:00:16.4:   bridge window [mem 0xfde00000-0xfdefffff]
[    0.516964] pci 0000:00:16.4:   bridge window [mem 0xf9800000-0xf98fffff 64bit pref]
[    0.517019] pci 0000:00:16.5: PCI bridge to [bus 10]
[    0.517061] pci 0000:00:16.5:   bridge window [mem 0xfdd00000-0xfddfffff]
[    0.517089] pci 0000:00:16.5:   bridge window [mem 0xf9700000-0xf97fffff 64bit pref]
[    0.517145] pci 0000:00:16.6: PCI bridge to [bus 11]
[    0.517186] pci 0000:00:16.6:   bridge window [mem 0xfdc00000-0xfdcfffff]
[    0.517215] pci 0000:00:16.6:   bridge window [mem 0xf9600000-0xf96fffff 64bit pref]
[    0.517270] pci 0000:00:16.7: PCI bridge to [bus 12]
[    0.517311] pci 0000:00:16.7:   bridge window [mem 0xfdb00000-0xfdbfffff]
[    0.517342] pci 0000:00:16.7:   bridge window [mem 0xf9500000-0xf95fffff 64bit pref]
[    0.517398] pci 0000:00:17.0: PCI bridge to [bus 13]
[    0.517440] pci 0000:00:17.0:   bridge window [mem 0xfda00000-0xfdafffff]
[    0.517469] pci 0000:00:17.0:   bridge window [mem 0xf9400000-0xf94fffff 64bit pref]
[    0.517524] pci 0000:00:17.1: PCI bridge to [bus 14]
[    0.517566] pci 0000:00:17.1:   bridge window [mem 0xfd900000-0xfd9fffff]
[    0.517595] pci 0000:00:17.1:   bridge window [mem 0xf9300000-0xf93fffff 64bit pref]
[    0.517650] pci 0000:00:17.2: PCI bridge to [bus 15]
[    0.517692] pci 0000:00:17.2:   bridge window [mem 0xfd800000-0xfd8fffff]
[    0.517721] pci 0000:00:17.2:   bridge window [mem 0xf9200000-0xf92fffff 64bit pref]
[    0.517776] pci 0000:00:17.3: PCI bridge to [bus 16]
[    0.517818] pci 0000:00:17.3:   bridge window [mem 0xfd700000-0xfd7fffff]
[    0.517847] pci 0000:00:17.3:   bridge window [mem 0xf9100000-0xf91fffff 64bit pref]
[    0.517903] pci 0000:00:17.4: PCI bridge to [bus 17]
[    0.517918] pci 0000:00:17.4:   bridge window [io  0xf000-0xffff]
[    0.517960] pci 0000:00:17.4:   bridge window [mem 0xfd600000-0xfd6fffff]
[    0.517989] pci 0000:00:17.4:   bridge window [mem 0xf9000000-0xf90fffff 64bit pref]
[    0.518044] pci 0000:00:17.5: PCI bridge to [bus 18]
[    0.518060] pci 0000:00:17.5:   bridge window [io  0xe000-0xefff]
[    0.518102] pci 0000:00:17.5:   bridge window [mem 0xfd500000-0xfd5fffff]
[    0.518131] pci 0000:00:17.5:   bridge window [mem 0xf8f00000-0xf8ffffff 64bit pref]
[    0.518186] pci 0000:00:17.6: PCI bridge to [bus 19]
[    0.518202] pci 0000:00:17.6:   bridge window [io  0xd000-0xdfff]
[    0.518244] pci 0000:00:17.6:   bridge window [mem 0xfd400000-0xfd4fffff]
[    0.518273] pci 0000:00:17.6:   bridge window [mem 0xf8e00000-0xf8efffff 64bit pref]
[    0.518328] pci 0000:00:17.7: PCI bridge to [bus 1a]
[    0.518344] pci 0000:00:17.7:   bridge window [io  0xc000-0xcfff]
[    0.518386] pci 0000:00:17.7:   bridge window [mem 0xfd300000-0xfd3fffff]
[    0.518415] pci 0000:00:17.7:   bridge window [mem 0xf8d00000-0xf8dfffff 64bit pref]
[    0.518470] pci 0000:00:18.0: PCI bridge to [bus 1b]
[    0.518485] pci 0000:00:18.0:   bridge window [io  0xb000-0xbfff]
[    0.518527] pci 0000:00:18.0:   bridge window [mem 0xfd200000-0xfd2fffff]
[    0.518556] pci 0000:00:18.0:   bridge window [mem 0xf8c00000-0xf8cfffff 64bit pref]
[    0.518612] pci 0000:00:18.1: PCI bridge to [bus 1c]
[    0.518627] pci 0000:00:18.1:   bridge window [io  0xa000-0xafff]
[    0.518669] pci 0000:00:18.1:   bridge window [mem 0xfd100000-0xfd1fffff]
[    0.518698] pci 0000:00:18.1:   bridge window [mem 0xf8b00000-0xf8bfffff 64bit pref]
[    0.518753] pci 0000:00:18.2: PCI bridge to [bus 1d]
[    0.518769] pci 0000:00:18.2:   bridge window [io  0x9000-0x9fff]
[    0.518811] pci 0000:00:18.2:   bridge window [mem 0xfd000000-0xfd0fffff]
[    0.518839] pci 0000:00:18.2:   bridge window [mem 0xf8a00000-0xf8afffff 64bit pref]
[    0.518895] pci 0000:00:18.3: PCI bridge to [bus 1e]
[    0.518910] pci 0000:00:18.3:   bridge window [io  0x8000-0x8fff]
[    0.518952] pci 0000:00:18.3:   bridge window [mem 0xfcf00000-0xfcffffff]
[    0.518981] pci 0000:00:18.3:   bridge window [mem 0xf8900000-0xf89fffff 64bit pref]
[    0.519036] pci 0000:00:18.4: PCI bridge to [bus 1f]
[    0.519052] pci 0000:00:18.4:   bridge window [io  0x7000-0x7fff]
[    0.519094] pci 0000:00:18.4:   bridge window [mem 0xfce00000-0xfcefffff]
[    0.519123] pci 0000:00:18.4:   bridge window [mem 0xf8800000-0xf88fffff 64bit pref]
[    0.519178] pci 0000:00:18.5: PCI bridge to [bus 20]
[    0.519194] pci 0000:00:18.5:   bridge window [io  0x6000-0x6fff]
[    0.519236] pci 0000:00:18.5:   bridge window [mem 0xfcd00000-0xfcdfffff]
[    0.519265] pci 0000:00:18.5:   bridge window [mem 0xf8700000-0xf87fffff 64bit pref]
[    0.519320] pci 0000:00:18.6: PCI bridge to [bus 21]
[    0.519335] pci 0000:00:18.6:   bridge window [io  0x4000-0x4fff]
[    0.519377] pci 0000:00:18.6:   bridge window [mem 0xfcc00000-0xfccfffff]
[    0.519406] pci 0000:00:18.6:   bridge window [mem 0xf8600000-0xf86fffff 64bit pref]
[    0.519462] pci 0000:00:18.7: PCI bridge to [bus 22]
[    0.519477] pci 0000:00:18.7:   bridge window [io  0x3000-0x3fff]
[    0.519519] pci 0000:00:18.7:   bridge window [mem 0xfcb00000-0xfcbfffff]
[    0.519548] pci 0000:00:18.7:   bridge window [mem 0xf8500000-0xf85fffff 64bit pref]
[    0.519604] pci_bus 0000:00: resource 4 [io  0x0d00-0xffff window]
[    0.519605] pci_bus 0000:00: resource 5 [io  0x0000-0x0cf7 window]
[    0.519606] pci_bus 0000:00: resource 6 [mem 0xfef00000-0xffdfffff window]
[    0.519606] pci_bus 0000:00: resource 7 [mem 0xfed45000-0xfedfffff window]
[    0.519607] pci_bus 0000:00: resource 8 [mem 0xfec10000-0xfed3ffff window]
[    0.519607] pci_bus 0000:00: resource 9 [mem 0xfa500000-0xfebfffff window]
[    0.519608] pci_bus 0000:00: resource 10 [mem 0xf0000000-0xfa4fffff pref window]
[    0.519608] pci_bus 0000:00: resource 11 [mem 0xc0000000-0xefffffff window]
[    0.519609] pci_bus 0000:00: resource 12 [mem 0x000a0000-0x000bffff window]
[    0.519610] pci_bus 0000:00: resource 13 [mem 0x000c4000-0x000c7fff window]
[    0.519610] pci_bus 0000:00: resource 14 [mem 0x000c8000-0x000cbfff window]
[    0.519611] pci_bus 0000:00: resource 15 [mem 0x000d4000-0x000d7fff window]
[    0.519611] pci_bus 0000:00: resource 16 [mem 0x000d8000-0x000dbfff window]
[    0.519612] pci_bus 0000:00: resource 17 [mem 0x000e4000-0x000e7fff window]
[    0.519612] pci_bus 0000:00: resource 18 [mem 0x000e8000-0x000ebfff window]
[    0.519613] pci_bus 0000:00: resource 19 [mem 0x000ec000-0x000effff window]
[    0.519614] pci_bus 0000:02: resource 0 [io  0x1000-0x1fff]
[    0.519614] pci_bus 0000:02: resource 1 [mem 0xfc000000-0xfc9fffff]
[    0.519615] pci_bus 0000:02: resource 2 [mem 0xf8000000-0xf84fffff 64bit pref]
[    0.519615] pci_bus 0000:02: resource 4 [io  0x0d00-0xffff window]
[    0.519616] pci_bus 0000:02: resource 5 [io  0x0000-0x0cf7 window]
[    0.519617] pci_bus 0000:02: resource 6 [mem 0xfef00000-0xffdfffff window]
[    0.519617] pci_bus 0000:02: resource 7 [mem 0xfed45000-0xfedfffff window]
[    0.519618] pci_bus 0000:02: resource 8 [mem 0xfec10000-0xfed3ffff window]
[    0.519618] pci_bus 0000:02: resource 9 [mem 0xfa500000-0xfebfffff window]
[    0.519619] pci_bus 0000:02: resource 10 [mem 0xf0000000-0xfa4fffff pref window]
[    0.519619] pci_bus 0000:02: resource 11 [mem 0xc0000000-0xefffffff window]
[    0.519620] pci_bus 0000:02: resource 12 [mem 0x000a0000-0x000bffff window]
[    0.519620] pci_bus 0000:02: resource 13 [mem 0x000c4000-0x000c7fff window]
[    0.519621] pci_bus 0000:02: resource 14 [mem 0x000c8000-0x000cbfff window]
[    0.519621] pci_bus 0000:02: resource 15 [mem 0x000d4000-0x000d7fff window]
[    0.519622] pci_bus 0000:02: resource 16 [mem 0x000d8000-0x000dbfff window]
[    0.519622] pci_bus 0000:02: resource 17 [mem 0x000e4000-0x000e7fff window]
[    0.519623] pci_bus 0000:02: resource 18 [mem 0x000e8000-0x000ebfff window]
[    0.519624] pci_bus 0000:02: resource 19 [mem 0x000ec000-0x000effff window]
[    0.519624] pci_bus 0000:03: resource 1 [mem 0xfea00000-0xfeafffff]
[    0.519625] pci_bus 0000:03: resource 2 [mem 0xfa400000-0xfa4fffff 64bit pref]
[    0.519625] pci_bus 0000:04: resource 1 [mem 0xfe900000-0xfe9fffff]
[    0.519626] pci_bus 0000:04: resource 2 [mem 0xfa300000-0xfa3fffff 64bit pref]
[    0.519627] pci_bus 0000:05: resource 1 [mem 0xfe800000-0xfe8fffff]
[    0.519627] pci_bus 0000:05: resource 2 [mem 0xfa200000-0xfa2fffff 64bit pref]
[    0.519628] pci_bus 0000:06: resource 1 [mem 0xfe700000-0xfe7fffff]
[    0.519628] pci_bus 0000:06: resource 2 [mem 0xfa100000-0xfa1fffff 64bit pref]
[    0.519629] pci_bus 0000:07: resource 1 [mem 0xfe600000-0xfe6fffff]
[    0.519629] pci_bus 0000:07: resource 2 [mem 0xfa000000-0xfa0fffff 64bit pref]
[    0.519630] pci_bus 0000:08: resource 1 [mem 0xfe500000-0xfe5fffff]
[    0.519631] pci_bus 0000:08: resource 2 [mem 0xf9f00000-0xf9ffffff 64bit pref]
[    0.519631] pci_bus 0000:09: resource 1 [mem 0xfe400000-0xfe4fffff]
[    0.519632] pci_bus 0000:09: resource 2 [mem 0xf9e00000-0xf9efffff 64bit pref]
[    0.519632] pci_bus 0000:0a: resource 1 [mem 0xfe300000-0xfe3fffff]
[    0.519633] pci_bus 0000:0a: resource 2 [mem 0xf9d00000-0xf9dfffff 64bit pref]
[    0.519634] pci_bus 0000:0b: resource 1 [mem 0xfe200000-0xfe2fffff]
[    0.519634] pci_bus 0000:0b: resource 2 [mem 0xf9c00000-0xf9cfffff 64bit pref]
[    0.519635] pci_bus 0000:0c: resource 1 [mem 0xfe100000-0xfe1fffff]
[    0.519635] pci_bus 0000:0c: resource 2 [mem 0xf9b00000-0xf9bfffff 64bit pref]
[    0.519636] pci_bus 0000:0d: resource 1 [mem 0xfe000000-0xfe0fffff]
[    0.519637] pci_bus 0000:0d: resource 2 [mem 0xf9a00000-0xf9afffff 64bit pref]
[    0.519637] pci_bus 0000:0e: resource 1 [mem 0xfdf00000-0xfdffffff]
[    0.519638] pci_bus 0000:0e: resource 2 [mem 0xf9900000-0xf99fffff 64bit pref]
[    0.519638] pci_bus 0000:0f: resource 1 [mem 0xfde00000-0xfdefffff]
[    0.519639] pci_bus 0000:0f: resource 2 [mem 0xf9800000-0xf98fffff 64bit pref]
[    0.519640] pci_bus 0000:10: resource 1 [mem 0xfdd00000-0xfddfffff]
[    0.519640] pci_bus 0000:10: resource 2 [mem 0xf9700000-0xf97fffff 64bit pref]
[    0.519641] pci_bus 0000:11: resource 1 [mem 0xfdc00000-0xfdcfffff]
[    0.519641] pci_bus 0000:11: resource 2 [mem 0xf9600000-0xf96fffff 64bit pref]
[    0.519642] pci_bus 0000:12: resource 1 [mem 0xfdb00000-0xfdbfffff]
[    0.519643] pci_bus 0000:12: resource 2 [mem 0xf9500000-0xf95fffff 64bit pref]
[    0.519643] pci_bus 0000:13: resource 1 [mem 0xfda00000-0xfdafffff]
[    0.519644] pci_bus 0000:13: resource 2 [mem 0xf9400000-0xf94fffff 64bit pref]
[    0.519644] pci_bus 0000:14: resource 1 [mem 0xfd900000-0xfd9fffff]
[    0.519645] pci_bus 0000:14: resource 2 [mem 0xf9300000-0xf93fffff 64bit pref]
[    0.519646] pci_bus 0000:15: resource 1 [mem 0xfd800000-0xfd8fffff]
[    0.519646] pci_bus 0000:15: resource 2 [mem 0xf9200000-0xf92fffff 64bit pref]
[    0.519647] pci_bus 0000:16: resource 1 [mem 0xfd700000-0xfd7fffff]
[    0.519647] pci_bus 0000:16: resource 2 [mem 0xf9100000-0xf91fffff 64bit pref]
[    0.519648] pci_bus 0000:17: resource 0 [io  0xf000-0xffff]
[    0.519648] pci_bus 0000:17: resource 1 [mem 0xfd600000-0xfd6fffff]
[    0.519649] pci_bus 0000:17: resource 2 [mem 0xf9000000-0xf90fffff 64bit pref]
[    0.519650] pci_bus 0000:18: resource 0 [io  0xe000-0xefff]
[    0.519650] pci_bus 0000:18: resource 1 [mem 0xfd500000-0xfd5fffff]
[    0.519651] pci_bus 0000:18: resource 2 [mem 0xf8f00000-0xf8ffffff 64bit pref]
[    0.519651] pci_bus 0000:19: resource 0 [io  0xd000-0xdfff]
[    0.519652] pci_bus 0000:19: resource 1 [mem 0xfd400000-0xfd4fffff]
[    0.519652] pci_bus 0000:19: resource 2 [mem 0xf8e00000-0xf8efffff 64bit pref]
[    0.519653] pci_bus 0000:1a: resource 0 [io  0xc000-0xcfff]
[    0.519653] pci_bus 0000:1a: resource 1 [mem 0xfd300000-0xfd3fffff]
[    0.519654] pci_bus 0000:1a: resource 2 [mem 0xf8d00000-0xf8dfffff 64bit pref]
[    0.519655] pci_bus 0000:1b: resource 0 [io  0xb000-0xbfff]
[    0.519655] pci_bus 0000:1b: resource 1 [mem 0xfd200000-0xfd2fffff]
[    0.519656] pci_bus 0000:1b: resource 2 [mem 0xf8c00000-0xf8cfffff 64bit pref]
[    0.519656] pci_bus 0000:1c: resource 0 [io  0xa000-0xafff]
[    0.519657] pci_bus 0000:1c: resource 1 [mem 0xfd100000-0xfd1fffff]
[    0.519657] pci_bus 0000:1c: resource 2 [mem 0xf8b00000-0xf8bfffff 64bit pref]
[    0.519658] pci_bus 0000:1d: resource 0 [io  0x9000-0x9fff]
[    0.519658] pci_bus 0000:1d: resource 1 [mem 0xfd000000-0xfd0fffff]
[    0.519659] pci_bus 0000:1d: resource 2 [mem 0xf8a00000-0xf8afffff 64bit pref]
[    0.519659] pci_bus 0000:1e: resource 0 [io  0x8000-0x8fff]
[    0.519660] pci_bus 0000:1e: resource 1 [mem 0xfcf00000-0xfcffffff]
[    0.519660] pci_bus 0000:1e: resource 2 [mem 0xf8900000-0xf89fffff 64bit pref]
[    0.519661] pci_bus 0000:1f: resource 0 [io  0x7000-0x7fff]
[    0.519662] pci_bus 0000:1f: resource 1 [mem 0xfce00000-0xfcefffff]
[    0.519662] pci_bus 0000:1f: resource 2 [mem 0xf8800000-0xf88fffff 64bit pref]
[    0.519663] pci_bus 0000:20: resource 0 [io  0x6000-0x6fff]
[    0.519663] pci_bus 0000:20: resource 1 [mem 0xfcd00000-0xfcdfffff]
[    0.519664] pci_bus 0000:20: resource 2 [mem 0xf8700000-0xf87fffff 64bit pref]
[    0.519664] pci_bus 0000:21: resource 0 [io  0x4000-0x4fff]
[    0.519665] pci_bus 0000:21: resource 1 [mem 0xfcc00000-0xfccfffff]
[    0.519665] pci_bus 0000:21: resource 2 [mem 0xf8600000-0xf86fffff 64bit pref]
[    0.519666] pci_bus 0000:22: resource 0 [io  0x3000-0x3fff]
[    0.519666] pci_bus 0000:22: resource 1 [mem 0xfcb00000-0xfcbfffff]
[    0.519667] pci_bus 0000:22: resource 2 [mem 0xf8500000-0xf85fffff 64bit pref]
[    0.519792] NET: Registered protocol family 2
[    0.520229] TCP established hash table entries: 32768 (order: 6, 262144 bytes)
[    0.520404] TCP bind hash table entries: 32768 (order: 7, 524288 bytes)
[    0.521516] TCP: Hash tables configured (established 32768 bind 32768)
[    0.522024] UDP hash table entries: 2048 (order: 4, 65536 bytes)
[    0.522220] UDP-Lite hash table entries: 2048 (order: 4, 65536 bytes)
[    0.523025] NET: Registered protocol family 1
[    0.523036] pci 0000:00:00.0: Limiting direct PCI/PCI transfers
[    0.523173] pci 0000:00:0f.0: Video device with shadowed ROM at [mem 0x000c0000-0x000dffff]
[    0.523673] PCI: CLS mismatch (32 != 64), using 64 bytes
[    0.523705] Unpacking initramfs...
[    8.628827] Freeing initrd memory: 448760K
[    8.629006] PCI-DMA: Using software bounce buffering for IO (SWIOTLB)
[    8.629010] software IO TLB: mapped [mem 0xbc000000-0xc0000000] (64MB)
[    8.629517] Scanning for low memory corruption every 60 seconds
[    8.632034] Initialise system trusted keyrings
[    8.632072] Key type blacklist registered
[    8.632339] workingset: timestamp_bits=36 max_order=20 bucket_order=0
[    8.633329] zbud: loaded
[    8.634022] squashfs: version 4.0 (2009/01/31) Phillip Lougher
[    8.634387] fuse init (API version 7.26)
[    8.643387] Key type asymmetric registered
[    8.643390] Asymmetric key parser 'x509' registered
[    8.643453] Block layer SCSI generic (bsg) driver version 0.4 loaded (major 246)
[    8.644099] io scheduler noop registered
[    8.644101] io scheduler deadline registered
[    8.644127] io scheduler cfq registered (default)
[    8.670992] pcieport 0000:00:15.0: Signaling PME with IRQ 24
[    8.671233] pcieport 0000:00:15.1: Signaling PME with IRQ 25
[    8.671472] pcieport 0000:00:15.2: Signaling PME with IRQ 26
[    8.671710] pcieport 0000:00:15.3: Signaling PME with IRQ 27
[    8.671950] pcieport 0000:00:15.4: Signaling PME with IRQ 28
[    8.672196] pcieport 0000:00:15.5: Signaling PME with IRQ 29
[    8.672488] pcieport 0000:00:15.6: Signaling PME with IRQ 30
[    8.672742] pcieport 0000:00:15.7: Signaling PME with IRQ 31
[    8.672978] pcieport 0000:00:16.0: Signaling PME with IRQ 32
[    8.673215] pcieport 0000:00:16.1: Signaling PME with IRQ 33
[    8.673455] pcieport 0000:00:16.2: Signaling PME with IRQ 34
[    8.673691] pcieport 0000:00:16.3: Signaling PME with IRQ 35
[    8.673927] pcieport 0000:00:16.4: Signaling PME with IRQ 36
[    8.674163] pcieport 0000:00:16.5: Signaling PME with IRQ 37
[    8.674403] pcieport 0000:00:16.6: Signaling PME with IRQ 38
[    8.674641] pcieport 0000:00:16.7: Signaling PME with IRQ 39
[    8.674879] pcieport 0000:00:17.0: Signaling PME with IRQ 40
[    8.675116] pcieport 0000:00:17.1: Signaling PME with IRQ 41
[    8.675355] pcieport 0000:00:17.2: Signaling PME with IRQ 42
[    8.675593] pcieport 0000:00:17.3: Signaling PME with IRQ 43
[    8.675831] pcieport 0000:00:17.4: Signaling PME with IRQ 44
[    8.676077] pcieport 0000:00:17.5: Signaling PME with IRQ 45
[    8.676318] pcieport 0000:00:17.6: Signaling PME with IRQ 46
[    8.676721] pcieport 0000:00:17.7: Signaling PME with IRQ 47
[    8.676963] pcieport 0000:00:18.0: Signaling PME with IRQ 48
[    8.677230] pcieport 0000:00:18.1: Signaling PME with IRQ 49
[    8.677494] pcieport 0000:00:18.2: Signaling PME with IRQ 50
[    8.677734] pcieport 0000:00:18.3: Signaling PME with IRQ 51
[    8.677973] pcieport 0000:00:18.4: Signaling PME with IRQ 52
[    8.678211] pcieport 0000:00:18.5: Signaling PME with IRQ 53
[    8.678450] pcieport 0000:00:18.6: Signaling PME with IRQ 54
[    8.678688] pcieport 0000:00:18.7: Signaling PME with IRQ 55
[    8.678776] pciehp 0000:00:15.0:pcie004: Slot #160 AttnBtn+ PwrCtrl+ MRL- AttnInd- PwrInd- HotPlug+ Surprise- Interlock- NoCompl+ LLActRep+
[    8.678907] pciehp 0000:00:15.1:pcie004: Slot #161 AttnBtn+ PwrCtrl+ MRL- AttnInd- PwrInd- HotPlug+ Surprise- Interlock- NoCompl+ LLActRep+
[    8.679032] pciehp 0000:00:15.2:pcie004: Slot #162 AttnBtn+ PwrCtrl+ MRL- AttnInd- PwrInd- HotPlug+ Surprise- Interlock- NoCompl+ LLActRep+
[    8.679155] pciehp 0000:00:15.3:pcie004: Slot #163 AttnBtn+ PwrCtrl+ MRL- AttnInd- PwrInd- HotPlug+ Surprise- Interlock- NoCompl+ LLActRep+
[    8.679278] pciehp 0000:00:15.4:pcie004: Slot #164 AttnBtn+ PwrCtrl+ MRL- AttnInd- PwrInd- HotPlug+ Surprise- Interlock- NoCompl+ LLActRep+
[    8.679399] pciehp 0000:00:15.5:pcie004: Slot #165 AttnBtn+ PwrCtrl+ MRL- AttnInd- PwrInd- HotPlug+ Surprise- Interlock- NoCompl+ LLActRep+
[    8.679520] pciehp 0000:00:15.6:pcie004: Slot #166 AttnBtn+ PwrCtrl+ MRL- AttnInd- PwrInd- HotPlug+ Surprise- Interlock- NoCompl+ LLActRep+
[    8.679641] pciehp 0000:00:15.7:pcie004: Slot #167 AttnBtn+ PwrCtrl+ MRL- AttnInd- PwrInd- HotPlug+ Surprise- Interlock- NoCompl+ LLActRep+
[    8.679763] pciehp 0000:00:16.0:pcie004: Slot #192 AttnBtn+ PwrCtrl+ MRL- AttnInd- PwrInd- HotPlug+ Surprise- Interlock- NoCompl+ LLActRep+
[    8.679884] pciehp 0000:00:16.1:pcie004: Slot #193 AttnBtn+ PwrCtrl+ MRL- AttnInd- PwrInd- HotPlug+ Surprise- Interlock- NoCompl+ LLActRep+
[    8.680052] pciehp 0000:00:16.2:pcie004: Slot #194 AttnBtn+ PwrCtrl+ MRL- AttnInd- PwrInd- HotPlug+ Surprise- Interlock- NoCompl+ LLActRep+
[    8.680174] pciehp 0000:00:16.3:pcie004: Slot #195 AttnBtn+ PwrCtrl+ MRL- AttnInd- PwrInd- HotPlug+ Surprise- Interlock- NoCompl+ LLActRep+
[    8.680294] pciehp 0000:00:16.4:pcie004: Slot #196 AttnBtn+ PwrCtrl+ MRL- AttnInd- PwrInd- HotPlug+ Surprise- Interlock- NoCompl+ LLActRep+
[    8.680416] pciehp 0000:00:16.5:pcie004: Slot #197 AttnBtn+ PwrCtrl+ MRL- AttnInd- PwrInd- HotPlug+ Surprise- Interlock- NoCompl+ LLActRep+
[    8.680621] pciehp 0000:00:16.6:pcie004: Slot #198 AttnBtn+ PwrCtrl+ MRL- AttnInd- PwrInd- HotPlug+ Surprise- Interlock- NoCompl+ LLActRep+
[    8.680744] pciehp 0000:00:16.7:pcie004: Slot #199 AttnBtn+ PwrCtrl+ MRL- AttnInd- PwrInd- HotPlug+ Surprise- Interlock- NoCompl+ LLActRep+
[    8.680864] pciehp 0000:00:17.0:pcie004: Slot #224 AttnBtn+ PwrCtrl+ MRL- AttnInd- PwrInd- HotPlug+ Surprise- Interlock- NoCompl+ LLActRep+
[    8.680985] pciehp 0000:00:17.1:pcie004: Slot #225 AttnBtn+ PwrCtrl+ MRL- AttnInd- PwrInd- HotPlug+ Surprise- Interlock- NoCompl+ LLActRep+
[    8.681107] pciehp 0000:00:17.2:pcie004: Slot #226 AttnBtn+ PwrCtrl+ MRL- AttnInd- PwrInd- HotPlug+ Surprise- Interlock- NoCompl+ LLActRep+
[    8.681228] pciehp 0000:00:17.3:pcie004: Slot #227 AttnBtn+ PwrCtrl+ MRL- AttnInd- PwrInd- HotPlug+ Surprise- Interlock- NoCompl+ LLActRep+
[    8.681348] pciehp 0000:00:17.4:pcie004: Slot #228 AttnBtn+ PwrCtrl+ MRL- AttnInd- PwrInd- HotPlug+ Surprise- Interlock- NoCompl+ LLActRep+
[    8.681469] pciehp 0000:00:17.5:pcie004: Slot #229 AttnBtn+ PwrCtrl+ MRL- AttnInd- PwrInd- HotPlug+ Surprise- Interlock- NoCompl+ LLActRep+
[    8.681590] pciehp 0000:00:17.6:pcie004: Slot #230 AttnBtn+ PwrCtrl+ MRL- AttnInd- PwrInd- HotPlug+ Surprise- Interlock- NoCompl+ LLActRep+
[    8.681710] pciehp 0000:00:17.7:pcie004: Slot #231 AttnBtn+ PwrCtrl+ MRL- AttnInd- PwrInd- HotPlug+ Surprise- Interlock- NoCompl+ LLActRep+
[    8.681831] pciehp 0000:00:18.0:pcie004: Slot #256 AttnBtn+ PwrCtrl+ MRL- AttnInd- PwrInd- HotPlug+ Surprise- Interlock- NoCompl+ LLActRep+
[    8.681951] pciehp 0000:00:18.1:pcie004: Slot #257 AttnBtn+ PwrCtrl+ MRL- AttnInd- PwrInd- HotPlug+ Surprise- Interlock- NoCompl+ LLActRep+
[    8.682073] pciehp 0000:00:18.2:pcie004: Slot #258 AttnBtn+ PwrCtrl+ MRL- AttnInd- PwrInd- HotPlug+ Surprise- Interlock- NoCompl+ LLActRep+
[    8.682194] pciehp 0000:00:18.3:pcie004: Slot #259 AttnBtn+ PwrCtrl+ MRL- AttnInd- PwrInd- HotPlug+ Surprise- Interlock- NoCompl+ LLActRep+
[    8.682316] pciehp 0000:00:18.4:pcie004: Slot #260 AttnBtn+ PwrCtrl+ MRL- AttnInd- PwrInd- HotPlug+ Surprise- Interlock- NoCompl+ LLActRep+
[    8.682437] pciehp 0000:00:18.5:pcie004: Slot #261 AttnBtn+ PwrCtrl+ MRL- AttnInd- PwrInd- HotPlug+ Surprise- Interlock- NoCompl+ LLActRep+
[    8.682557] pciehp 0000:00:18.6:pcie004: Slot #262 AttnBtn+ PwrCtrl+ MRL- AttnInd- PwrInd- HotPlug+ Surprise- Interlock- NoCompl+ LLActRep+
[    8.682678] pciehp 0000:00:18.7:pcie004: Slot #263 AttnBtn+ PwrCtrl+ MRL- AttnInd- PwrInd- HotPlug+ Surprise- Interlock- NoCompl+ LLActRep+
[    8.682810] efifb: probing for efifb
[    8.683034] efifb: framebuffer at 0xf0000000, using 3072k, total 3072k
[    8.683037] efifb: mode is 1024x768x32, linelength=4096, pages=1
[    8.683038] efifb: scrolling: redraw
[    8.683039] efifb: Truecolor: size=8:8:8:8, shift=24:16:8:0
[    8.685105] Console: switching to colour frame buffer device 128x48
[    8.686241] fb0: EFI VGA frame buffer device
[    8.686261] intel_idle: Please enable MWAIT in BIOS SETUP
[    8.687133] ACPI: AC Adapter [ACAD] (on-line)
[    8.687292] input: Power Button as /devices/LNXSYSTM:00/LNXPWRBN:00/input/input0
[    8.687560] ACPI: Power Button [PWRF]
[    8.689163] Serial: 8250/16550 driver, 32 ports, IRQ sharing enabled
[    8.693738] Linux agpgart interface v0.103
[    8.693961] agpgart-intel 0000:00:00.0: Intel 440BX Chipset
[    8.694733] agpgart-intel 0000:00:00.0: AGP aperture is 256M @ 0x0
[    8.707342] loop: module loaded
[    8.707597] ata_piix 0000:00:07.1: version 2.13
[    8.708207] scsi host0: ata_piix
[    8.708698] scsi host1: ata_piix
[    8.708747] ata1: PATA max UDMA/33 cmd 0x1f0 ctl 0x3f6 bmdma 0x2150 irq 14
[    8.708776] ata2: PATA max UDMA/33 cmd 0x170 ctl 0x376 bmdma 0x2158 irq 15
[    8.708965] libphy: Fixed MDIO Bus: probed
[    8.709004] tun: Universal TUN/TAP device driver, 1.6
[    8.709186] PPP generic driver version 2.4.2
[    8.709450] ehci_hcd: USB 2.0 'Enhanced' Host Controller (EHCI) Driver
[    8.709483] ehci-pci: EHCI PCI platform driver
[    8.709520] ehci-platform: EHCI generic platform driver
[    8.709549] ohci_hcd: USB 1.1 'Open' Host Controller (OHCI) Driver
[    8.709577] ohci-pci: OHCI PCI platform driver
[    8.709606] ohci-platform: OHCI generic platform driver
[    8.709635] uhci_hcd: USB Universal Host Controller Interface driver
[    8.710581] i8042: PNP: PS/2 Controller [PNP0303:KBC,PNP0f13:MOUS] at 0x60,0x64 irq 1,12
[    8.724516] serio: i8042 KBD port at 0x60,0x64 irq 1
[    8.725818] serio: i8042 AUX port at 0x60,0x64 irq 12
[    8.726768] mousedev: PS/2 mouse device common for all mice
[    8.748644] rtc_cmos 00:01: rtc core: registered rtc_cmos as rtc0
[    8.750939] rtc_cmos 00:01: alarms up to one month, y3k, 242 bytes nvram
[    8.751847] i2c /dev entries driver
[    8.752651] input: AT Translated Set 2 keyboard as /devices/platform/i8042/serio0/input/input1
[    8.753117] device-mapper: uevent: version 1.0.3
[    8.754558] device-mapper: ioctl: 4.37.0-ioctl (2017-09-20) initialised: dm-devel@redhat.com
[    8.756184] ledtrig-cpu: registered to indicate activity on CPUs
[    8.756848] EFI Variables Facility v0.08 2004-May-17
[    8.766855] NET: Registered protocol family 10
[    8.775052] Segment Routing with IPv6
[    8.776726] NET: Registered protocol family 17
[    8.778049] Key type dns_resolver registered
[    8.779643] mce: Using 8 MCE banks
[    8.780214] RAS: Correctable Errors collector initialized.
[    8.780742] sched_clock: Marking stable (8780168440, 0)->(9057745171, -277576731)
[    8.783083] registered taskstats version 1
[    8.783620] Loading compiled-in X.509 certificates
[    8.786673] Loaded X.509 cert 'Build time autogenerated kernel key: 03242b5946333f26aefc1390e6b6627558d72f28'
[    8.789892] Loaded UEFI:db cert 'VMware, Inc.: 4ad8ba0472073d28127706ddc6ccb9050441bbc7' linked to secondary sys keyring
[    8.791153] Loaded UEFI:db cert 'Microsoft Corporation UEFI CA 2011: 13adbf4309bd82709c8cd54f316ed522988a1bd4' linked to secondary sys keyring
[    8.793302] Loaded UEFI:db cert 'Microsoft Windows Production PCA 2011: a92902398e16c49778cd90f99e4f9ae17c55af53' linked to secondary sys keyring
[    8.794619] Couldn't get size: 0x800000000000000e
[    8.795191] MODSIGN: Couldn't get UEFI MokListRT
[    8.796509] zswap: loaded using pool lzo/zbud
[    8.802374] Key type big_key registered
[    8.803420] Key type trusted registered
[    8.806145] Key type encrypted registered
[    8.806742] AppArmor: AppArmor sha1 policy hashing enabled
[    8.807335] ima: No TPM chip found, activating TPM-bypass! (rc=-19)
[    8.808377] ima: Allocated hash algorithm: sha1
[    8.809419] evm: HMAC attrs: 0x1
[    8.821213]   Magic number: 4:473:49
[    8.823730] rtc_cmos 00:01: setting system clock to 2020-09-14 23:00:14 UTC (1600124414)
[    8.825362] BIOS EDD facility v0.16 2004-Jun-25, 0 devices found
[    8.826782] EDD information not available.
[    9.237673] Freeing unused kernel image memory: 2432K
[    9.244793] Write protecting the kernel read-only data: 20480k
